---
http_interactions:
- request:
    method: get
    uri: http://open.mapquestapi.com/geocoding/v1/address?key=<api_key>&location=Anchorage,%20AK
    body:
      encoding: US-ASCII
      string: ''
    headers:
      User-Agent:
      - Faraday v1.8.0
      Accept-Encoding:
      - gzip;q=1.0,deflate;q=0.6,identity;q=0.3
      Accept:
      - "*/*"
  response:
    status:
      code: 200
      message: ''
    headers:
      Date:
      - Mon, 15 Nov 2021 18:38:53 GMT
      Content-Type:
      - application/json;charset=UTF-8
      Content-Length:
      - '1042'
      Connection:
      - keep-alive
      Access-Control-Allow-Methods:
      - OPTIONS,GET,POST
      Access-Control-Allow-Origin:
      - "*"
      Cache-Control:
      - no-cache, must-revalidate
      Expires:
      - Mon, 20 Dec 1998 01:00:00 GMT
      Geocodetransactioncount:
      - '1'
      Last-Modified:
      - Mon, 15 Nov 2021 18:38:53 GMT
      Pragma:
      - no-cache
      Reversegeocodetransactioncount:
      - '0'
      Set-Cookie:
      - JSESSIONID=86D0BB0B8A1BAF8DE41C369DA73C9D1F; Path=/; HttpOnly
      Status:
      - success
      Transactionweight:
      - '1.0'
    body:
      encoding: UTF-8
      string: '{"info":{"statuscode":0,"copyright":{"text":"\u00A9 2021 MapQuest,
        Inc.","imageUrl":"http://api.mqcdn.com/res/mqlogo.gif","imageAltText":"\u00A9
        2021 MapQuest, Inc."},"messages":[]},"options":{"maxResults":-1,"thumbMaps":true,"ignoreLatLngInput":false},"results":[{"providedLocation":{"location":"Anchorage,
        AK"},"locations":[{"street":"","adminArea6":"","adminArea6Type":"Neighborhood","adminArea5":"Anchorage","adminArea5Type":"City","adminArea4":"Anchorage","adminArea4Type":"County","adminArea3":"AK","adminArea3Type":"State","adminArea1":"US","adminArea1Type":"Country","postalCode":"AK
        99501-2118","geocodeQualityCode":"A5XAX","geocodeQuality":"CITY","dragPoint":false,"sideOfStreet":"N","linkId":"0","unknownInput":"","type":"s","latLng":{"lat":61.216313,"lng":-149.894852},"displayLatLng":{"lat":61.216313,"lng":-149.894852},"mapUrl":"http://open.mapquestapi.com/staticmap/v5/map?key=<api_key>&type=map&size=225,160&locations=61.2163129,-149.8948523|marker-sm-50318A-1&scalebar=true&zoom=12&rand=426348737"}]}]}'
  recorded_at: Mon, 15 Nov 2021 18:38:53 GMT
- request:
    method: get
    uri: https://api.openweathermap.org/data/2.5/onecall?appid=<api_key>&exclude=minutely,alerts&lat=61.216313&lon=-149.894852&units=imperial
    body:
      encoding: US-ASCII
      string: ''
    headers:
      User-Agent:
      - Faraday v1.8.0
      Accept-Encoding:
      - gzip;q=1.0,deflate;q=0.6,identity;q=0.3
      Accept:
      - "*/*"
  response:
    status:
      code: 200
      message: OK
    headers:
      Server:
      - openresty
      Date:
      - Mon, 15 Nov 2021 18:38:53 GMT
      Content-Type:
      - application/json; charset=utf-8
      Content-Length:
      - '17221'
      Connection:
      - keep-alive
      X-Cache-Key:
      - "/data/2.5/onecall?exclude=minutely%2Calerts&lat=61.22&lon=-149.89&units=imperial"
      Access-Control-Allow-Origin:
      - "*"
      Access-Control-Allow-Credentials:
      - 'true'
      Access-Control-Allow-Methods:
      - GET, POST
    body:
      encoding: UTF-8
      string: '{"lat":61.2163,"lon":-149.8949,"timezone":"America/Anchorage","timezone_offset":-32400,"current":{"dt":1637001533,"sunrise":1636999607,"sunset":1637025719,"temp":8.6,"feels_like":8.6,"pressure":1008,"humidity":87,"dew_point":5.86,"uvi":0,"clouds":90,"visibility":402,"wind_speed":0,"wind_deg":0,"weather":[{"id":741,"main":"Fog","description":"fog","icon":"50d"}]},"hourly":[{"dt":1636999200,"temp":8.69,"feels_like":0.18,"pressure":1009,"humidity":86,"dew_point":5.72,"uvi":0,"clouds":76,"visibility":10000,"wind_speed":4.65,"wind_deg":28,"wind_gust":6.6,"weather":[{"id":803,"main":"Clouds","description":"broken
        clouds","icon":"04n"}],"pop":0},{"dt":1637002800,"temp":8.6,"feels_like":-0.09,"pressure":1008,"humidity":87,"dew_point":5.86,"uvi":0,"clouds":90,"visibility":10000,"wind_speed":4.76,"wind_deg":24,"wind_gust":6.8,"weather":[{"id":804,"main":"Clouds","description":"overcast
        clouds","icon":"04d"}],"pop":0},{"dt":1637006400,"temp":9.21,"feels_like":0.36,"pressure":1009,"humidity":86,"dew_point":6.24,"uvi":0.11,"clouds":76,"visibility":10000,"wind_speed":4.97,"wind_deg":19,"wind_gust":6.44,"weather":[{"id":803,"main":"Clouds","description":"broken
        clouds","icon":"04d"}],"pop":0},{"dt":1637010000,"temp":10.58,"feels_like":1.54,"pressure":1009,"humidity":84,"dew_point":7.12,"uvi":0.18,"clouds":61,"visibility":10000,"wind_speed":5.3,"wind_deg":11,"wind_gust":6.22,"weather":[{"id":803,"main":"Clouds","description":"broken
        clouds","icon":"04d"}],"pop":0},{"dt":1637013600,"temp":12.09,"feels_like":2.46,"pressure":1010,"humidity":81,"dew_point":7.9,"uvi":0.21,"clouds":47,"visibility":10000,"wind_speed":6.06,"wind_deg":2,"wind_gust":6.62,"weather":[{"id":802,"main":"Clouds","description":"scattered
        clouds","icon":"03d"}],"pop":0},{"dt":1637017200,"temp":13.26,"feels_like":3.52,"pressure":1010,"humidity":79,"dew_point":8.55,"uvi":0.18,"clouds":32,"visibility":10000,"wind_speed":6.38,"wind_deg":5,"wind_gust":7.14,"weather":[{"id":802,"main":"Clouds","description":"scattered
        clouds","icon":"03d"}],"pop":0},{"dt":1637020800,"temp":13.59,"feels_like":4.68,"pressure":1011,"humidity":78,"dew_point":6.12,"uvi":0.1,"clouds":18,"visibility":10000,"wind_speed":5.66,"wind_deg":12,"wind_gust":6.82,"weather":[{"id":801,"main":"Clouds","description":"few
        clouds","icon":"02d"}],"pop":0},{"dt":1637024400,"temp":11.46,"feels_like":2.66,"pressure":1011,"humidity":80,"dew_point":4.19,"uvi":0,"clouds":16,"visibility":10000,"wind_speed":5.23,"wind_deg":21,"wind_gust":6.71,"weather":[{"id":801,"main":"Clouds","description":"few
        clouds","icon":"02d"}],"pop":0},{"dt":1637028000,"temp":10.13,"feels_like":1.29,"pressure":1011,"humidity":81,"dew_point":2.91,"uvi":0,"clouds":16,"visibility":10000,"wind_speed":5.08,"wind_deg":33,"wind_gust":6.96,"weather":[{"id":801,"main":"Clouds","description":"few
        clouds","icon":"02n"}],"pop":0},{"dt":1637031600,"temp":9.75,"feels_like":1.02,"pressure":1011,"humidity":81,"dew_point":2.66,"uvi":0,"clouds":16,"visibility":10000,"wind_speed":4.94,"wind_deg":35,"wind_gust":6.89,"weather":[{"id":801,"main":"Clouds","description":"few
        clouds","icon":"02n"}],"pop":0},{"dt":1637035200,"temp":9.52,"feels_like":0.72,"pressure":1011,"humidity":81,"dew_point":2.46,"uvi":0,"clouds":16,"visibility":10000,"wind_speed":4.97,"wind_deg":38,"wind_gust":7.09,"weather":[{"id":801,"main":"Clouds","description":"few
        clouds","icon":"02n"}],"pop":0},{"dt":1637038800,"temp":9.32,"feels_like":0.88,"pressure":1012,"humidity":82,"dew_point":2.32,"uvi":0,"clouds":16,"visibility":10000,"wind_speed":4.68,"wind_deg":39,"wind_gust":6.82,"weather":[{"id":801,"main":"Clouds","description":"few
        clouds","icon":"02n"}],"pop":0},{"dt":1637042400,"temp":9.19,"feels_like":0.88,"pressure":1012,"humidity":82,"dew_point":2.19,"uvi":0,"clouds":16,"visibility":10000,"wind_speed":4.56,"wind_deg":40,"wind_gust":6.58,"weather":[{"id":801,"main":"Clouds","description":"few
        clouds","icon":"02n"}],"pop":0},{"dt":1637046000,"temp":8.96,"feels_like":0.18,"pressure":1012,"humidity":82,"dew_point":2.01,"uvi":0,"clouds":16,"visibility":10000,"wind_speed":4.88,"wind_deg":38,"wind_gust":6.85,"weather":[{"id":801,"main":"Clouds","description":"few
        clouds","icon":"02n"}],"pop":0},{"dt":1637049600,"temp":8.64,"feels_like":-0.47,"pressure":1012,"humidity":82,"dew_point":1.65,"uvi":0,"clouds":16,"visibility":10000,"wind_speed":5.08,"wind_deg":40,"wind_gust":6.91,"weather":[{"id":801,"main":"Clouds","description":"few
        clouds","icon":"02n"}],"pop":0},{"dt":1637053200,"temp":8.29,"feels_like":-0.81,"pressure":1013,"humidity":82,"dew_point":1.13,"uvi":0,"clouds":15,"visibility":10000,"wind_speed":5.03,"wind_deg":39,"wind_gust":6.89,"weather":[{"id":801,"main":"Clouds","description":"few
        clouds","icon":"02n"}],"pop":0},{"dt":1637056800,"temp":8.06,"feels_like":-0.99,"pressure":1013,"humidity":81,"dew_point":0.68,"uvi":0,"clouds":15,"visibility":10000,"wind_speed":4.97,"wind_deg":37,"wind_gust":6.89,"weather":[{"id":801,"main":"Clouds","description":"few
        clouds","icon":"02n"}],"pop":0},{"dt":1637060400,"temp":7.83,"feels_like":-1.88,"pressure":1013,"humidity":81,"dew_point":0.34,"uvi":0,"clouds":15,"visibility":10000,"wind_speed":5.44,"wind_deg":37,"wind_gust":7.43,"weather":[{"id":801,"main":"Clouds","description":"few
        clouds","icon":"02n"}],"pop":0},{"dt":1637064000,"temp":7.66,"feels_like":-2.6,"pressure":1013,"humidity":80,"dew_point":0.09,"uvi":0,"clouds":14,"visibility":10000,"wind_speed":5.86,"wind_deg":38,"wind_gust":7.96,"weather":[{"id":801,"main":"Clouds","description":"few
        clouds","icon":"02n"}],"pop":0},{"dt":1637067600,"temp":7.61,"feels_like":-2.81,"pressure":1013,"humidity":80,"dew_point":-0.06,"uvi":0,"clouds":13,"visibility":10000,"wind_speed":5.99,"wind_deg":37,"wind_gust":8.25,"weather":[{"id":801,"main":"Clouds","description":"few
        clouds","icon":"02n"}],"pop":0},{"dt":1637071200,"temp":7.54,"feels_like":-2.87,"pressure":1012,"humidity":79,"dew_point":-0.27,"uvi":0,"clouds":13,"visibility":10000,"wind_speed":5.97,"wind_deg":32,"wind_gust":8.3,"weather":[{"id":801,"main":"Clouds","description":"few
        clouds","icon":"02n"}],"pop":0},{"dt":1637074800,"temp":7.29,"feels_like":-2.96,"pressure":1012,"humidity":79,"dew_point":-0.62,"uvi":0,"clouds":13,"visibility":10000,"wind_speed":5.79,"wind_deg":32,"wind_gust":8.01,"weather":[{"id":801,"main":"Clouds","description":"few
        clouds","icon":"02n"}],"pop":0},{"dt":1637078400,"temp":7.07,"feels_like":-3.37,"pressure":1012,"humidity":79,"dew_point":-0.8,"uvi":0,"clouds":12,"visibility":10000,"wind_speed":5.93,"wind_deg":30,"wind_gust":8.37,"weather":[{"id":801,"main":"Clouds","description":"few
        clouds","icon":"02n"}],"pop":0},{"dt":1637082000,"temp":6.75,"feels_like":-3.78,"pressure":1012,"humidity":80,"dew_point":-1.08,"uvi":0,"clouds":12,"visibility":10000,"wind_speed":5.95,"wind_deg":32,"wind_gust":8.12,"weather":[{"id":801,"main":"Clouds","description":"few
        clouds","icon":"02n"}],"pop":0},{"dt":1637085600,"temp":6.55,"feels_like":-4,"pressure":1012,"humidity":80,"dew_point":-1.25,"uvi":0,"clouds":12,"visibility":10000,"wind_speed":5.93,"wind_deg":32,"wind_gust":8.1,"weather":[{"id":801,"main":"Clouds","description":"few
        clouds","icon":"02n"}],"pop":0},{"dt":1637089200,"temp":7.2,"feels_like":-3.35,"pressure":1012,"humidity":79,"dew_point":-0.65,"uvi":0,"clouds":12,"visibility":10000,"wind_speed":6.04,"wind_deg":29,"wind_gust":8.32,"weather":[{"id":801,"main":"Clouds","description":"few
        clouds","icon":"02d"}],"pop":0},{"dt":1637092800,"temp":9.3,"feels_like":-0.99,"pressure":1012,"humidity":77,"dew_point":1.13,"uvi":0.1,"clouds":12,"visibility":10000,"wind_speed":6.17,"wind_deg":24,"wind_gust":8.16,"weather":[{"id":801,"main":"Clouds","description":"few
        clouds","icon":"02d"}],"pop":0},{"dt":1637096400,"temp":11.19,"feels_like":1.29,"pressure":1012,"humidity":75,"dew_point":2.53,"uvi":0.17,"clouds":12,"visibility":10000,"wind_speed":6.15,"wind_deg":17,"wind_gust":7.65,"weather":[{"id":801,"main":"Clouds","description":"few
        clouds","icon":"02d"}],"pop":0},{"dt":1637100000,"temp":12.16,"feels_like":1.83,"pressure":1012,"humidity":74,"dew_point":3.33,"uvi":0.19,"clouds":12,"visibility":10000,"wind_speed":6.76,"wind_deg":12,"wind_gust":7.83,"weather":[{"id":801,"main":"Clouds","description":"few
        clouds","icon":"02d"}],"pop":0},{"dt":1637103600,"temp":12.33,"feels_like":1.94,"pressure":1011,"humidity":74,"dew_point":3.63,"uvi":0.17,"clouds":11,"visibility":10000,"wind_speed":6.85,"wind_deg":11,"wind_gust":8.3,"weather":[{"id":801,"main":"Clouds","description":"few
        clouds","icon":"02d"}],"pop":0},{"dt":1637107200,"temp":11.37,"feels_like":1.08,"pressure":1011,"humidity":76,"dew_point":2.98,"uvi":0.09,"clouds":12,"visibility":10000,"wind_speed":6.55,"wind_deg":12,"wind_gust":8.57,"weather":[{"id":801,"main":"Clouds","description":"few
        clouds","icon":"02d"}],"pop":0},{"dt":1637110800,"temp":9.09,"feels_like":-1.12,"pressure":1010,"humidity":79,"dew_point":1.18,"uvi":0,"clouds":13,"visibility":10000,"wind_speed":6.06,"wind_deg":19,"wind_gust":8.9,"weather":[{"id":801,"main":"Clouds","description":"few
        clouds","icon":"02d"}],"pop":0},{"dt":1637114400,"temp":7.74,"feels_like":-2.52,"pressure":1010,"humidity":80,"dew_point":0.03,"uvi":0,"clouds":13,"visibility":10000,"wind_speed":5.88,"wind_deg":25,"wind_gust":8.88,"weather":[{"id":801,"main":"Clouds","description":"few
        clouds","icon":"02n"}],"pop":0},{"dt":1637118000,"temp":7.27,"feels_like":-3.35,"pressure":1010,"humidity":81,"dew_point":-0.2,"uvi":0,"clouds":13,"visibility":10000,"wind_speed":6.11,"wind_deg":24,"wind_gust":9.24,"weather":[{"id":801,"main":"Clouds","description":"few
        clouds","icon":"02n"}],"pop":0},{"dt":1637121600,"temp":6.69,"feels_like":-3.75,"pressure":1009,"humidity":82,"dew_point":-0.63,"uvi":0,"clouds":12,"visibility":10000,"wind_speed":5.86,"wind_deg":23,"wind_gust":9.24,"weather":[{"id":801,"main":"Clouds","description":"few
        clouds","icon":"02n"}],"pop":0},{"dt":1637125200,"temp":6.17,"feels_like":-4.31,"pressure":1009,"humidity":82,"dew_point":-1.16,"uvi":0,"clouds":11,"visibility":10000,"wind_speed":5.82,"wind_deg":21,"wind_gust":9.26,"weather":[{"id":801,"main":"Clouds","description":"few
        clouds","icon":"02n"}],"pop":0},{"dt":1637128800,"temp":5.52,"feels_like":-4.92,"pressure":1009,"humidity":82,"dew_point":-1.79,"uvi":0,"clouds":10,"visibility":10000,"wind_speed":5.68,"wind_deg":18,"wind_gust":8.99,"weather":[{"id":800,"main":"Clear","description":"clear
        sky","icon":"01n"}],"pop":0},{"dt":1637132400,"temp":4.82,"feels_like":-5.85,"pressure":1009,"humidity":83,"dew_point":-2.4,"uvi":0,"clouds":9,"visibility":10000,"wind_speed":5.77,"wind_deg":17,"wind_gust":9.42,"weather":[{"id":800,"main":"Clear","description":"clear
        sky","icon":"01n"}],"pop":0},{"dt":1637136000,"temp":4.24,"feels_like":-6.05,"pressure":1009,"humidity":83,"dew_point":-3.03,"uvi":0,"clouds":11,"visibility":10000,"wind_speed":5.39,"wind_deg":20,"wind_gust":8.84,"weather":[{"id":801,"main":"Clouds","description":"few
        clouds","icon":"02n"}],"pop":0},{"dt":1637139600,"temp":3.87,"feels_like":-6.32,"pressure":1009,"humidity":83,"dew_point":-3.48,"uvi":0,"clouds":13,"visibility":10000,"wind_speed":5.26,"wind_deg":15,"wind_gust":8.48,"weather":[{"id":801,"main":"Clouds","description":"few
        clouds","icon":"02n"}],"pop":0},{"dt":1637143200,"temp":3.43,"feels_like":-7.1,"pressure":1009,"humidity":84,"dew_point":-3.77,"uvi":0,"clouds":13,"visibility":10000,"wind_speed":5.46,"wind_deg":13,"wind_gust":8.66,"weather":[{"id":801,"main":"Clouds","description":"few
        clouds","icon":"02n"}],"pop":0},{"dt":1637146800,"temp":3,"feels_like":-8.1,"pressure":1009,"humidity":85,"dew_point":-3.98,"uvi":0,"clouds":14,"visibility":10000,"wind_speed":5.84,"wind_deg":11,"wind_gust":9.13,"weather":[{"id":801,"main":"Clouds","description":"few
        clouds","icon":"02n"}],"pop":0},{"dt":1637150400,"temp":2.55,"feels_like":-8.64,"pressure":1009,"humidity":86,"dew_point":-4.36,"uvi":0,"clouds":15,"visibility":10000,"wind_speed":5.84,"wind_deg":14,"wind_gust":9.1,"weather":[{"id":801,"main":"Clouds","description":"few
        clouds","icon":"02n"}],"pop":0},{"dt":1637154000,"temp":2.12,"feels_like":-9.6,"pressure":1008,"humidity":86,"dew_point":-4.74,"uvi":0,"clouds":19,"visibility":10000,"wind_speed":6.2,"wind_deg":14,"wind_gust":9.71,"weather":[{"id":801,"main":"Clouds","description":"few
        clouds","icon":"02n"}],"pop":0},{"dt":1637157600,"temp":1.72,"feels_like":-10.35,"pressure":1008,"humidity":86,"dew_point":-5.15,"uvi":0,"clouds":19,"visibility":10000,"wind_speed":6.44,"wind_deg":10,"wind_gust":10.33,"weather":[{"id":801,"main":"Clouds","description":"few
        clouds","icon":"02n"}],"pop":0},{"dt":1637161200,"temp":1.35,"feels_like":-10.89,"pressure":1008,"humidity":87,"dew_point":-5.51,"uvi":0,"clouds":19,"visibility":10000,"wind_speed":6.51,"wind_deg":9,"wind_gust":10.42,"weather":[{"id":801,"main":"Clouds","description":"few
        clouds","icon":"02n"}],"pop":0},{"dt":1637164800,"temp":0.73,"feels_like":-11.76,"pressure":1008,"humidity":87,"dew_point":-6.16,"uvi":0,"clouds":19,"visibility":10000,"wind_speed":6.62,"wind_deg":8,"wind_gust":10.94,"weather":[{"id":801,"main":"Clouds","description":"few
        clouds","icon":"02n"}],"pop":0},{"dt":1637168400,"temp":0.16,"feels_like":-12.44,"pressure":1008,"humidity":87,"dew_point":-6.83,"uvi":0,"clouds":19,"visibility":10000,"wind_speed":6.85,"wind_deg":9,"wind_gust":12.12,"weather":[{"id":801,"main":"Clouds","description":"few
        clouds","icon":"02n"}],"pop":0}],"daily":[{"dt":1637010000,"sunrise":1636999607,"sunset":1637025719,"moonrise":1637024640,"moonset":1636981860,"moon_phase":0.39,"temp":{"day":10.58,"min":8.6,"max":13.59,"night":8.64,"eve":9.75,"morn":9.46},"feels_like":{"day":1.54,"night":-0.47,"eve":1.02,"morn":1.6},"pressure":1009,"humidity":84,"dew_point":7.12,"wind_speed":6.38,"wind_deg":5,"wind_gust":7.14,"weather":[{"id":803,"main":"Clouds","description":"broken
        clouds","icon":"04d"}],"clouds":61,"pop":0,"uvi":0.21},{"dt":1637096400,"sunrise":1637086168,"sunset":1637111982,"moonrise":1637111100,"moonset":1637073360,"moon_phase":0.42,"temp":{"day":11.19,"min":4.24,"max":12.33,"night":4.24,"eve":7.27,"morn":7.29},"feels_like":{"day":1.29,"night":-6.05,"eve":-3.35,"morn":-2.96},"pressure":1012,"humidity":75,"dew_point":2.53,"wind_speed":6.85,"wind_deg":11,"wind_gust":9.42,"weather":[{"id":801,"main":"Clouds","description":"few
        clouds","icon":"02d"}],"clouds":12,"pop":0,"uvi":0.19},{"dt":1637182800,"sunrise":1637172728,"sunset":1637198247,"moonrise":1637197560,"moonset":1637164800,"moon_phase":0.45,"temp":{"day":3.18,"min":-0.94,"max":4.23,"night":-0.94,"eve":1.27,"morn":1.35},"feels_like":{"day":-9.42,"night":-13.54,"eve":-11.33,"morn":-10.89},"pressure":1010,"humidity":76,"dew_point":-6.14,"wind_speed":10.71,"wind_deg":354,"wind_gust":15.9,"weather":[{"id":802,"main":"Clouds","description":"scattered
        clouds","icon":"03d"}],"clouds":35,"pop":0,"uvi":0.18},{"dt":1637269200,"sunrise":1637259287,"sunset":1637284515,"moonrise":1637284140,"moonset":1637256420,"moon_phase":0.48,"temp":{"day":-0.09,"min":-3.8,"max":0.73,"night":0.12,"eve":-1.16,"morn":-3.57},"feels_like":{"day":-11.31,"night":-11.42,"eve":-11.18,"morn":-14.66},"pressure":1015,"humidity":79,"dew_point":-9.15,"wind_speed":6.93,"wind_deg":12,"wind_gust":11.12,"weather":[{"id":803,"main":"Clouds","description":"broken
        clouds","icon":"04d"}],"clouds":72,"pop":0,"uvi":0.18},{"dt":1637355600,"sunrise":1637345844,"sunset":1637370785,"moonrise":1637370840,"moonset":1637348100,"moon_phase":0.5,"temp":{"day":4.42,"min":-0.42,"max":5.52,"night":2.62,"eve":2.86,"morn":-0.36},"feels_like":{"day":-5.84,"night":-5.87,"eve":-5.31,"morn":-10.16},"pressure":1017,"humidity":77,"dew_point":-4.38,"wind_speed":5.39,"wind_deg":15,"wind_gust":7.63,"weather":[{"id":801,"main":"Clouds","description":"few
        clouds","icon":"02d"}],"clouds":16,"pop":0,"uvi":1},{"dt":1637442000,"sunrise":1637432400,"sunset":1637457059,"moonrise":1637457840,"moonset":1637439780,"moon_phase":0.55,"temp":{"day":6.94,"min":2.34,"max":7.45,"night":4.82,"eve":4.75,"morn":2.46},"feels_like":{"day":-2.54,"night":-4.7,"eve":-4.92,"morn":-7.44},"pressure":1017,"humidity":77,"dew_point":-1.52,"wind_speed":5.41,"wind_deg":32,"wind_gust":7.58,"weather":[{"id":802,"main":"Clouds","description":"scattered
        clouds","icon":"03d"}],"clouds":36,"pop":0,"uvi":1},{"dt":1637528400,"sunrise":1637518955,"sunset":1637543336,"moonrise":1637545500,"moonset":1637531040,"moon_phase":0.58,"temp":{"day":7.95,"min":3.74,"max":8.02,"night":3.83,"eve":4.73,"morn":3.85},"feels_like":{"day":-2.76,"night":-6.57,"eve":-6.48,"morn":-6.81},"pressure":1017,"humidity":74,"dew_point":-1.17,"wind_speed":6.31,"wind_deg":21,"wind_gust":9.35,"weather":[{"id":801,"main":"Clouds","description":"few
        clouds","icon":"02d"}],"clouds":14,"pop":0,"uvi":1},{"dt":1637614800,"sunrise":1637605508,"sunset":1637629615,"moonrise":1637634420,"moonset":1637621280,"moon_phase":0.61,"temp":{"day":6.73,"min":2.53,"max":7.45,"night":7.3,"eve":7.25,"morn":2.53},"feels_like":{"day":-1.7,"night":-1.73,"eve":-2.47,"morn":-5.62},"pressure":1008,"humidity":76,"dew_point":-2.15,"wind_speed":5.37,"wind_deg":25,"wind_gust":7.18,"weather":[{"id":803,"main":"Clouds","description":"broken
        clouds","icon":"04d"}],"clouds":80,"pop":0,"uvi":1}]}'
  recorded_at: Mon, 15 Nov 2021 18:38:53 GMT
- request:
    method: get
    uri: http://www.boredapi.com/api/activity?type=relaxation
    body:
      encoding: US-ASCII
      string: ''
    headers:
      User-Agent:
      - Faraday v1.8.0
      Accept-Encoding:
      - gzip;q=1.0,deflate;q=0.6,identity;q=0.3
      Accept:
      - "*/*"
  response:
    status:
      code: 200
      message: OK
    headers:
      Server:
      - Cowboy
      Connection:
      - keep-alive
      X-Powered-By:
      - Express
      Access-Control-Allow-Origin:
      - "*"
      Access-Control-Allow-Headers:
      - Origin, X-Requested-With, Content-Type, Accept
      Content-Type:
      - application/json; charset=utf-8
      Content-Length:
      - '151'
      Etag:
      - W/"97-JbFu+LMV+jFjwnWr5c0DNGI26co"
      Date:
      - Mon, 15 Nov 2021 18:38:56 GMT
      Via:
      - 1.1 vegur
    body:
      encoding: UTF-8
      string: '{"activity":"Watch a movie you''d never usually watch","type":"relaxation","participants":1,"price":0.15,"link":"","key":"9212950","accessibility":0.15}'
  recorded_at: Mon, 15 Nov 2021 18:38:56 GMT
- request:
    method: get
    uri: http://www.boredapi.com/api/activity?type=cooking
    body:
      encoding: US-ASCII
      string: ''
    headers:
      User-Agent:
      - Faraday v1.8.0
      Accept-Encoding:
      - gzip;q=1.0,deflate;q=0.6,identity;q=0.3
      Accept:
      - "*/*"
  response:
    status:
      code: 200
      message: OK
    headers:
      Server:
      - Cowboy
      Connection:
      - keep-alive
      X-Powered-By:
      - Express
      Access-Control-Allow-Origin:
      - "*"
      Access-Control-Allow-Headers:
      - Origin, X-Requested-With, Content-Type, Accept
      Content-Type:
      - application/json; charset=utf-8
      Content-Length:
      - '130'
      Etag:
      - W/"82-KMvPHiVV22dD2LIGFYF4sWsF714"
      Date:
      - Mon, 15 Nov 2021 18:38:59 GMT
      Via:
      - 1.1 vegur
    body:
      encoding: UTF-8
      string: '{"activity":"Make homemade ice cream","type":"cooking","participants":1,"price":0.2,"link":"","key":"3818400","accessibility":0.2}'
  recorded_at: Mon, 15 Nov 2021 18:38:59 GMT
- request:
    method: get
    uri: https://api.openweathermap.org/data/2.5/onecall?appid=<api_key>&exclude=minutely,alerts&lat=61.216313&lon=-149.894852&units=imperial
    body:
      encoding: US-ASCII
      string: ''
    headers:
      User-Agent:
      - Faraday v1.8.0
      Accept-Encoding:
      - gzip;q=1.0,deflate;q=0.6,identity;q=0.3
      Accept:
      - "*/*"
  response:
    status:
      code: 200
      message: OK
    headers:
      Server:
      - openresty
      Date:
      - Mon, 15 Nov 2021 18:39:48 GMT
      Content-Type:
      - application/json; charset=utf-8
      Content-Length:
      - '17226'
      Connection:
      - keep-alive
      X-Cache-Key:
      - "/data/2.5/onecall?exclude=minutely%2Calerts&lat=61.22&lon=-149.89&units=imperial"
      Access-Control-Allow-Origin:
      - "*"
      Access-Control-Allow-Credentials:
      - 'true'
      Access-Control-Allow-Methods:
      - GET, POST
    body:
      encoding: UTF-8
      string: '{"lat":61.2163,"lon":-149.8949,"timezone":"America/Anchorage","timezone_offset":-32400,"current":{"dt":1637001587,"sunrise":1636999607,"sunset":1637025719,"temp":8.65,"feels_like":8.65,"pressure":1008,"humidity":87,"dew_point":5.92,"uvi":0,"clouds":90,"visibility":402,"wind_speed":0,"wind_deg":0,"weather":[{"id":741,"main":"Fog","description":"fog","icon":"50d"}]},"hourly":[{"dt":1636999200,"temp":8.73,"feels_like":0.21,"pressure":1009,"humidity":86,"dew_point":5.76,"uvi":0,"clouds":76,"visibility":10000,"wind_speed":4.65,"wind_deg":28,"wind_gust":6.6,"weather":[{"id":803,"main":"Clouds","description":"broken
        clouds","icon":"04n"}],"pop":0},{"dt":1637002800,"temp":8.65,"feels_like":-0.02,"pressure":1008,"humidity":87,"dew_point":5.92,"uvi":0,"clouds":90,"visibility":10000,"wind_speed":4.76,"wind_deg":24,"wind_gust":6.8,"weather":[{"id":804,"main":"Clouds","description":"overcast
        clouds","icon":"04d"}],"pop":0},{"dt":1637006400,"temp":9.25,"feels_like":0.39,"pressure":1009,"humidity":86,"dew_point":6.28,"uvi":0.11,"clouds":76,"visibility":10000,"wind_speed":4.97,"wind_deg":19,"wind_gust":6.44,"weather":[{"id":803,"main":"Clouds","description":"broken
        clouds","icon":"04d"}],"pop":0},{"dt":1637010000,"temp":10.62,"feels_like":1.58,"pressure":1009,"humidity":84,"dew_point":7.16,"uvi":0.18,"clouds":61,"visibility":10000,"wind_speed":5.3,"wind_deg":11,"wind_gust":6.22,"weather":[{"id":803,"main":"Clouds","description":"broken
        clouds","icon":"04d"}],"pop":0},{"dt":1637013600,"temp":12.13,"feels_like":2.5,"pressure":1010,"humidity":81,"dew_point":7.93,"uvi":0.21,"clouds":47,"visibility":10000,"wind_speed":6.06,"wind_deg":2,"wind_gust":6.62,"weather":[{"id":802,"main":"Clouds","description":"scattered
        clouds","icon":"03d"}],"pop":0},{"dt":1637017200,"temp":13.28,"feels_like":3.54,"pressure":1010,"humidity":79,"dew_point":8.56,"uvi":0.18,"clouds":32,"visibility":10000,"wind_speed":6.38,"wind_deg":5,"wind_gust":7.14,"weather":[{"id":802,"main":"Clouds","description":"scattered
        clouds","icon":"03d"}],"pop":0},{"dt":1637020800,"temp":13.59,"feels_like":4.68,"pressure":1011,"humidity":78,"dew_point":6.12,"uvi":0.1,"clouds":18,"visibility":10000,"wind_speed":5.66,"wind_deg":12,"wind_gust":6.82,"weather":[{"id":801,"main":"Clouds","description":"few
        clouds","icon":"02d"}],"pop":0},{"dt":1637024400,"temp":11.46,"feels_like":2.66,"pressure":1011,"humidity":80,"dew_point":4.19,"uvi":0,"clouds":16,"visibility":10000,"wind_speed":5.23,"wind_deg":21,"wind_gust":6.71,"weather":[{"id":801,"main":"Clouds","description":"few
        clouds","icon":"02d"}],"pop":0},{"dt":1637028000,"temp":10.13,"feels_like":1.29,"pressure":1011,"humidity":81,"dew_point":2.91,"uvi":0,"clouds":16,"visibility":10000,"wind_speed":5.08,"wind_deg":33,"wind_gust":6.96,"weather":[{"id":801,"main":"Clouds","description":"few
        clouds","icon":"02n"}],"pop":0},{"dt":1637031600,"temp":9.75,"feels_like":1.02,"pressure":1011,"humidity":81,"dew_point":2.66,"uvi":0,"clouds":16,"visibility":10000,"wind_speed":4.94,"wind_deg":35,"wind_gust":6.89,"weather":[{"id":801,"main":"Clouds","description":"few
        clouds","icon":"02n"}],"pop":0},{"dt":1637035200,"temp":9.52,"feels_like":0.72,"pressure":1011,"humidity":81,"dew_point":2.46,"uvi":0,"clouds":16,"visibility":10000,"wind_speed":4.97,"wind_deg":38,"wind_gust":7.09,"weather":[{"id":801,"main":"Clouds","description":"few
        clouds","icon":"02n"}],"pop":0},{"dt":1637038800,"temp":9.32,"feels_like":0.88,"pressure":1012,"humidity":82,"dew_point":2.32,"uvi":0,"clouds":16,"visibility":10000,"wind_speed":4.68,"wind_deg":39,"wind_gust":6.82,"weather":[{"id":801,"main":"Clouds","description":"few
        clouds","icon":"02n"}],"pop":0},{"dt":1637042400,"temp":9.19,"feels_like":0.88,"pressure":1012,"humidity":82,"dew_point":2.19,"uvi":0,"clouds":16,"visibility":10000,"wind_speed":4.56,"wind_deg":40,"wind_gust":6.58,"weather":[{"id":801,"main":"Clouds","description":"few
        clouds","icon":"02n"}],"pop":0},{"dt":1637046000,"temp":8.96,"feels_like":0.18,"pressure":1012,"humidity":82,"dew_point":2.01,"uvi":0,"clouds":16,"visibility":10000,"wind_speed":4.88,"wind_deg":38,"wind_gust":6.85,"weather":[{"id":801,"main":"Clouds","description":"few
        clouds","icon":"02n"}],"pop":0},{"dt":1637049600,"temp":8.64,"feels_like":-0.47,"pressure":1012,"humidity":82,"dew_point":1.65,"uvi":0,"clouds":16,"visibility":10000,"wind_speed":5.08,"wind_deg":40,"wind_gust":6.91,"weather":[{"id":801,"main":"Clouds","description":"few
        clouds","icon":"02n"}],"pop":0},{"dt":1637053200,"temp":8.29,"feels_like":-0.81,"pressure":1013,"humidity":82,"dew_point":1.13,"uvi":0,"clouds":15,"visibility":10000,"wind_speed":5.03,"wind_deg":39,"wind_gust":6.89,"weather":[{"id":801,"main":"Clouds","description":"few
        clouds","icon":"02n"}],"pop":0},{"dt":1637056800,"temp":8.06,"feels_like":-0.99,"pressure":1013,"humidity":81,"dew_point":0.68,"uvi":0,"clouds":15,"visibility":10000,"wind_speed":4.97,"wind_deg":37,"wind_gust":6.89,"weather":[{"id":801,"main":"Clouds","description":"few
        clouds","icon":"02n"}],"pop":0},{"dt":1637060400,"temp":7.83,"feels_like":-1.88,"pressure":1013,"humidity":81,"dew_point":0.34,"uvi":0,"clouds":15,"visibility":10000,"wind_speed":5.44,"wind_deg":37,"wind_gust":7.43,"weather":[{"id":801,"main":"Clouds","description":"few
        clouds","icon":"02n"}],"pop":0},{"dt":1637064000,"temp":7.66,"feels_like":-2.6,"pressure":1013,"humidity":80,"dew_point":0.09,"uvi":0,"clouds":14,"visibility":10000,"wind_speed":5.86,"wind_deg":38,"wind_gust":7.96,"weather":[{"id":801,"main":"Clouds","description":"few
        clouds","icon":"02n"}],"pop":0},{"dt":1637067600,"temp":7.61,"feels_like":-2.81,"pressure":1013,"humidity":80,"dew_point":-0.06,"uvi":0,"clouds":13,"visibility":10000,"wind_speed":5.99,"wind_deg":37,"wind_gust":8.25,"weather":[{"id":801,"main":"Clouds","description":"few
        clouds","icon":"02n"}],"pop":0},{"dt":1637071200,"temp":7.54,"feels_like":-2.87,"pressure":1012,"humidity":79,"dew_point":-0.27,"uvi":0,"clouds":13,"visibility":10000,"wind_speed":5.97,"wind_deg":32,"wind_gust":8.3,"weather":[{"id":801,"main":"Clouds","description":"few
        clouds","icon":"02n"}],"pop":0},{"dt":1637074800,"temp":7.29,"feels_like":-2.96,"pressure":1012,"humidity":79,"dew_point":-0.62,"uvi":0,"clouds":13,"visibility":10000,"wind_speed":5.79,"wind_deg":32,"wind_gust":8.01,"weather":[{"id":801,"main":"Clouds","description":"few
        clouds","icon":"02n"}],"pop":0},{"dt":1637078400,"temp":7.07,"feels_like":-3.37,"pressure":1012,"humidity":79,"dew_point":-0.8,"uvi":0,"clouds":12,"visibility":10000,"wind_speed":5.93,"wind_deg":30,"wind_gust":8.37,"weather":[{"id":801,"main":"Clouds","description":"few
        clouds","icon":"02n"}],"pop":0},{"dt":1637082000,"temp":6.75,"feels_like":-3.78,"pressure":1012,"humidity":80,"dew_point":-1.08,"uvi":0,"clouds":12,"visibility":10000,"wind_speed":5.95,"wind_deg":32,"wind_gust":8.12,"weather":[{"id":801,"main":"Clouds","description":"few
        clouds","icon":"02n"}],"pop":0},{"dt":1637085600,"temp":6.55,"feels_like":-4,"pressure":1012,"humidity":80,"dew_point":-1.25,"uvi":0,"clouds":12,"visibility":10000,"wind_speed":5.93,"wind_deg":32,"wind_gust":8.1,"weather":[{"id":801,"main":"Clouds","description":"few
        clouds","icon":"02n"}],"pop":0},{"dt":1637089200,"temp":7.2,"feels_like":-3.35,"pressure":1012,"humidity":79,"dew_point":-0.65,"uvi":0,"clouds":12,"visibility":10000,"wind_speed":6.04,"wind_deg":29,"wind_gust":8.32,"weather":[{"id":801,"main":"Clouds","description":"few
        clouds","icon":"02d"}],"pop":0},{"dt":1637092800,"temp":9.3,"feels_like":-0.99,"pressure":1012,"humidity":77,"dew_point":1.13,"uvi":0.1,"clouds":12,"visibility":10000,"wind_speed":6.17,"wind_deg":24,"wind_gust":8.16,"weather":[{"id":801,"main":"Clouds","description":"few
        clouds","icon":"02d"}],"pop":0},{"dt":1637096400,"temp":11.19,"feels_like":1.29,"pressure":1012,"humidity":75,"dew_point":2.53,"uvi":0.17,"clouds":12,"visibility":10000,"wind_speed":6.15,"wind_deg":17,"wind_gust":7.65,"weather":[{"id":801,"main":"Clouds","description":"few
        clouds","icon":"02d"}],"pop":0},{"dt":1637100000,"temp":12.16,"feels_like":1.83,"pressure":1012,"humidity":74,"dew_point":3.33,"uvi":0.19,"clouds":12,"visibility":10000,"wind_speed":6.76,"wind_deg":12,"wind_gust":7.83,"weather":[{"id":801,"main":"Clouds","description":"few
        clouds","icon":"02d"}],"pop":0},{"dt":1637103600,"temp":12.33,"feels_like":1.94,"pressure":1011,"humidity":74,"dew_point":3.63,"uvi":0.17,"clouds":11,"visibility":10000,"wind_speed":6.85,"wind_deg":11,"wind_gust":8.3,"weather":[{"id":801,"main":"Clouds","description":"few
        clouds","icon":"02d"}],"pop":0},{"dt":1637107200,"temp":11.37,"feels_like":1.08,"pressure":1011,"humidity":76,"dew_point":2.98,"uvi":0.09,"clouds":12,"visibility":10000,"wind_speed":6.55,"wind_deg":12,"wind_gust":8.57,"weather":[{"id":801,"main":"Clouds","description":"few
        clouds","icon":"02d"}],"pop":0},{"dt":1637110800,"temp":9.09,"feels_like":-1.12,"pressure":1010,"humidity":79,"dew_point":1.18,"uvi":0,"clouds":13,"visibility":10000,"wind_speed":6.06,"wind_deg":19,"wind_gust":8.9,"weather":[{"id":801,"main":"Clouds","description":"few
        clouds","icon":"02d"}],"pop":0},{"dt":1637114400,"temp":7.74,"feels_like":-2.52,"pressure":1010,"humidity":80,"dew_point":0.03,"uvi":0,"clouds":13,"visibility":10000,"wind_speed":5.88,"wind_deg":25,"wind_gust":8.88,"weather":[{"id":801,"main":"Clouds","description":"few
        clouds","icon":"02n"}],"pop":0},{"dt":1637118000,"temp":7.27,"feels_like":-3.35,"pressure":1010,"humidity":81,"dew_point":-0.2,"uvi":0,"clouds":13,"visibility":10000,"wind_speed":6.11,"wind_deg":24,"wind_gust":9.24,"weather":[{"id":801,"main":"Clouds","description":"few
        clouds","icon":"02n"}],"pop":0},{"dt":1637121600,"temp":6.69,"feels_like":-3.75,"pressure":1009,"humidity":82,"dew_point":-0.63,"uvi":0,"clouds":12,"visibility":10000,"wind_speed":5.86,"wind_deg":23,"wind_gust":9.24,"weather":[{"id":801,"main":"Clouds","description":"few
        clouds","icon":"02n"}],"pop":0},{"dt":1637125200,"temp":6.17,"feels_like":-4.31,"pressure":1009,"humidity":82,"dew_point":-1.16,"uvi":0,"clouds":11,"visibility":10000,"wind_speed":5.82,"wind_deg":21,"wind_gust":9.26,"weather":[{"id":801,"main":"Clouds","description":"few
        clouds","icon":"02n"}],"pop":0},{"dt":1637128800,"temp":5.52,"feels_like":-4.92,"pressure":1009,"humidity":82,"dew_point":-1.79,"uvi":0,"clouds":10,"visibility":10000,"wind_speed":5.68,"wind_deg":18,"wind_gust":8.99,"weather":[{"id":800,"main":"Clear","description":"clear
        sky","icon":"01n"}],"pop":0},{"dt":1637132400,"temp":4.82,"feels_like":-5.85,"pressure":1009,"humidity":83,"dew_point":-2.4,"uvi":0,"clouds":9,"visibility":10000,"wind_speed":5.77,"wind_deg":17,"wind_gust":9.42,"weather":[{"id":800,"main":"Clear","description":"clear
        sky","icon":"01n"}],"pop":0},{"dt":1637136000,"temp":4.24,"feels_like":-6.05,"pressure":1009,"humidity":83,"dew_point":-3.03,"uvi":0,"clouds":11,"visibility":10000,"wind_speed":5.39,"wind_deg":20,"wind_gust":8.84,"weather":[{"id":801,"main":"Clouds","description":"few
        clouds","icon":"02n"}],"pop":0},{"dt":1637139600,"temp":3.87,"feels_like":-6.32,"pressure":1009,"humidity":83,"dew_point":-3.48,"uvi":0,"clouds":13,"visibility":10000,"wind_speed":5.26,"wind_deg":15,"wind_gust":8.48,"weather":[{"id":801,"main":"Clouds","description":"few
        clouds","icon":"02n"}],"pop":0},{"dt":1637143200,"temp":3.43,"feels_like":-7.1,"pressure":1009,"humidity":84,"dew_point":-3.77,"uvi":0,"clouds":13,"visibility":10000,"wind_speed":5.46,"wind_deg":13,"wind_gust":8.66,"weather":[{"id":801,"main":"Clouds","description":"few
        clouds","icon":"02n"}],"pop":0},{"dt":1637146800,"temp":3,"feels_like":-8.1,"pressure":1009,"humidity":85,"dew_point":-3.98,"uvi":0,"clouds":14,"visibility":10000,"wind_speed":5.84,"wind_deg":11,"wind_gust":9.13,"weather":[{"id":801,"main":"Clouds","description":"few
        clouds","icon":"02n"}],"pop":0},{"dt":1637150400,"temp":2.55,"feels_like":-8.64,"pressure":1009,"humidity":86,"dew_point":-4.36,"uvi":0,"clouds":15,"visibility":10000,"wind_speed":5.84,"wind_deg":14,"wind_gust":9.1,"weather":[{"id":801,"main":"Clouds","description":"few
        clouds","icon":"02n"}],"pop":0},{"dt":1637154000,"temp":2.12,"feels_like":-9.6,"pressure":1008,"humidity":86,"dew_point":-4.74,"uvi":0,"clouds":19,"visibility":10000,"wind_speed":6.2,"wind_deg":14,"wind_gust":9.71,"weather":[{"id":801,"main":"Clouds","description":"few
        clouds","icon":"02n"}],"pop":0},{"dt":1637157600,"temp":1.72,"feels_like":-10.35,"pressure":1008,"humidity":86,"dew_point":-5.15,"uvi":0,"clouds":19,"visibility":10000,"wind_speed":6.44,"wind_deg":10,"wind_gust":10.33,"weather":[{"id":801,"main":"Clouds","description":"few
        clouds","icon":"02n"}],"pop":0},{"dt":1637161200,"temp":1.35,"feels_like":-10.89,"pressure":1008,"humidity":87,"dew_point":-5.51,"uvi":0,"clouds":19,"visibility":10000,"wind_speed":6.51,"wind_deg":9,"wind_gust":10.42,"weather":[{"id":801,"main":"Clouds","description":"few
        clouds","icon":"02n"}],"pop":0},{"dt":1637164800,"temp":0.73,"feels_like":-11.76,"pressure":1008,"humidity":87,"dew_point":-6.16,"uvi":0,"clouds":19,"visibility":10000,"wind_speed":6.62,"wind_deg":8,"wind_gust":10.94,"weather":[{"id":801,"main":"Clouds","description":"few
        clouds","icon":"02n"}],"pop":0},{"dt":1637168400,"temp":0.16,"feels_like":-12.44,"pressure":1008,"humidity":87,"dew_point":-6.83,"uvi":0,"clouds":19,"visibility":10000,"wind_speed":6.85,"wind_deg":9,"wind_gust":12.12,"weather":[{"id":801,"main":"Clouds","description":"few
        clouds","icon":"02n"}],"pop":0}],"daily":[{"dt":1637010000,"sunrise":1636999607,"sunset":1637025719,"moonrise":1637024640,"moonset":1636981860,"moon_phase":0.39,"temp":{"day":10.62,"min":8.64,"max":13.59,"night":8.64,"eve":9.75,"morn":9.48},"feels_like":{"day":1.58,"night":-0.47,"eve":1.02,"morn":1.62},"pressure":1009,"humidity":84,"dew_point":7.16,"wind_speed":6.38,"wind_deg":5,"wind_gust":7.14,"weather":[{"id":803,"main":"Clouds","description":"broken
        clouds","icon":"04d"}],"clouds":61,"pop":0,"uvi":0.21},{"dt":1637096400,"sunrise":1637086168,"sunset":1637111982,"moonrise":1637111100,"moonset":1637073360,"moon_phase":0.42,"temp":{"day":11.19,"min":4.24,"max":12.33,"night":4.24,"eve":7.27,"morn":7.29},"feels_like":{"day":1.29,"night":-6.05,"eve":-3.35,"morn":-2.96},"pressure":1012,"humidity":75,"dew_point":2.53,"wind_speed":6.85,"wind_deg":11,"wind_gust":9.42,"weather":[{"id":801,"main":"Clouds","description":"few
        clouds","icon":"02d"}],"clouds":12,"pop":0,"uvi":0.19},{"dt":1637182800,"sunrise":1637172728,"sunset":1637198247,"moonrise":1637197560,"moonset":1637164800,"moon_phase":0.45,"temp":{"day":3.18,"min":-0.94,"max":4.23,"night":-0.94,"eve":1.27,"morn":1.35},"feels_like":{"day":-9.42,"night":-13.54,"eve":-11.33,"morn":-10.89},"pressure":1010,"humidity":76,"dew_point":-6.14,"wind_speed":10.71,"wind_deg":354,"wind_gust":15.9,"weather":[{"id":802,"main":"Clouds","description":"scattered
        clouds","icon":"03d"}],"clouds":35,"pop":0,"uvi":0.18},{"dt":1637269200,"sunrise":1637259287,"sunset":1637284515,"moonrise":1637284140,"moonset":1637256420,"moon_phase":0.48,"temp":{"day":-0.09,"min":-3.8,"max":0.73,"night":0.12,"eve":-1.16,"morn":-3.57},"feels_like":{"day":-11.31,"night":-11.42,"eve":-11.18,"morn":-14.66},"pressure":1015,"humidity":79,"dew_point":-9.15,"wind_speed":6.93,"wind_deg":12,"wind_gust":11.12,"weather":[{"id":803,"main":"Clouds","description":"broken
        clouds","icon":"04d"}],"clouds":72,"pop":0,"uvi":0.18},{"dt":1637355600,"sunrise":1637345844,"sunset":1637370785,"moonrise":1637370840,"moonset":1637348100,"moon_phase":0.5,"temp":{"day":4.42,"min":-0.42,"max":5.52,"night":2.62,"eve":2.86,"morn":-0.36},"feels_like":{"day":-5.84,"night":-5.87,"eve":-5.31,"morn":-10.16},"pressure":1017,"humidity":77,"dew_point":-4.38,"wind_speed":5.39,"wind_deg":15,"wind_gust":7.63,"weather":[{"id":801,"main":"Clouds","description":"few
        clouds","icon":"02d"}],"clouds":16,"pop":0,"uvi":1},{"dt":1637442000,"sunrise":1637432400,"sunset":1637457059,"moonrise":1637457840,"moonset":1637439780,"moon_phase":0.55,"temp":{"day":6.94,"min":2.34,"max":7.45,"night":4.82,"eve":4.75,"morn":2.46},"feels_like":{"day":-2.54,"night":-4.7,"eve":-4.92,"morn":-7.44},"pressure":1017,"humidity":77,"dew_point":-1.52,"wind_speed":5.41,"wind_deg":32,"wind_gust":7.58,"weather":[{"id":802,"main":"Clouds","description":"scattered
        clouds","icon":"03d"}],"clouds":36,"pop":0,"uvi":1},{"dt":1637528400,"sunrise":1637518955,"sunset":1637543336,"moonrise":1637545500,"moonset":1637531040,"moon_phase":0.58,"temp":{"day":7.95,"min":3.74,"max":8.02,"night":3.83,"eve":4.73,"morn":3.85},"feels_like":{"day":-2.76,"night":-6.57,"eve":-6.48,"morn":-6.81},"pressure":1017,"humidity":74,"dew_point":-1.17,"wind_speed":6.31,"wind_deg":21,"wind_gust":9.35,"weather":[{"id":801,"main":"Clouds","description":"few
        clouds","icon":"02d"}],"clouds":14,"pop":0,"uvi":1},{"dt":1637614800,"sunrise":1637605508,"sunset":1637629615,"moonrise":1637634420,"moonset":1637621280,"moon_phase":0.61,"temp":{"day":6.73,"min":2.53,"max":7.45,"night":7.3,"eve":7.25,"morn":2.53},"feels_like":{"day":-1.7,"night":-1.73,"eve":-2.47,"morn":-5.62},"pressure":1008,"humidity":76,"dew_point":-2.15,"wind_speed":5.37,"wind_deg":25,"wind_gust":7.18,"weather":[{"id":803,"main":"Clouds","description":"broken
        clouds","icon":"04d"}],"clouds":80,"pop":0,"uvi":1}]}'
  recorded_at: Mon, 15 Nov 2021 18:39:48 GMT
recorded_with: VCR 6.0.0
