---
http_interactions:
- request:
    method: get
    uri: http://open.mapquestapi.com/geocoding/v1/address?key=<api_key>&location=Denver,%20CO
    body:
      encoding: US-ASCII
      string: ''
    headers:
      User-Agent:
      - Faraday v1.8.0
      Accept-Encoding:
      - gzip;q=1.0,deflate;q=0.6,identity;q=0.3
      Accept:
      - "*/*"
  response:
    status:
      code: 200
      message: ''
    headers:
      Date:
      - Mon, 15 Nov 2021 18:36:28 GMT
      Content-Type:
      - application/json;charset=UTF-8
      Content-Length:
      - '2438'
      Connection:
      - keep-alive
      Access-Control-Allow-Methods:
      - OPTIONS,GET,POST
      Access-Control-Allow-Origin:
      - "*"
      Cache-Control:
      - no-cache, must-revalidate
      Expires:
      - Mon, 20 Dec 1998 01:00:00 GMT
      Geocodetransactioncount:
      - '1'
      Last-Modified:
      - Mon, 15 Nov 2021 18:36:28 GMT
      Pragma:
      - no-cache
      Reversegeocodetransactioncount:
      - '0'
      Set-Cookie:
      - JSESSIONID=A5BAB656895D6D608DC31C3BAE94A7D5; Path=/; HttpOnly
      Status:
      - success
      Transactionweight:
      - '1.0'
    body:
      encoding: UTF-8
      string: '{"info":{"statuscode":0,"copyright":{"text":"\u00A9 2021 MapQuest,
        Inc.","imageUrl":"http://api.mqcdn.com/res/mqlogo.gif","imageAltText":"\u00A9
        2021 MapQuest, Inc."},"messages":[]},"options":{"maxResults":-1,"thumbMaps":true,"ignoreLatLngInput":false},"results":[{"providedLocation":{"location":"Denver,
        CO"},"locations":[{"street":"","adminArea6":"","adminArea6Type":"Neighborhood","adminArea5":"Denver","adminArea5Type":"City","adminArea4":"Denver
        County","adminArea4Type":"County","adminArea3":"CO","adminArea3Type":"State","adminArea1":"US","adminArea1Type":"Country","postalCode":"","geocodeQualityCode":"A5XAX","geocodeQuality":"CITY","dragPoint":false,"sideOfStreet":"N","linkId":"0","unknownInput":"","type":"s","latLng":{"lat":39.739154,"lng":-104.984703},"displayLatLng":{"lat":39.739154,"lng":-104.984703},"mapUrl":"http://open.mapquestapi.com/staticmap/v5/map?key=<api_key>&type=map&size=225,160&locations=39.7391536,-104.9847034|marker-sm-50318A-1&scalebar=true&zoom=12&rand=-191991507"},{"street":"","adminArea6":"","adminArea6Type":"Neighborhood","adminArea5":"","adminArea5Type":"City","adminArea4":"Denver
        County","adminArea4Type":"County","adminArea3":"CO","adminArea3Type":"State","adminArea1":"US","adminArea1Type":"Country","postalCode":"","geocodeQualityCode":"A4XCX","geocodeQuality":"COUNTY","dragPoint":false,"sideOfStreet":"N","linkId":"0","unknownInput":"","type":"s","latLng":{"lat":39.734838,"lng":-104.965327},"displayLatLng":{"lat":39.734838,"lng":-104.965327},"mapUrl":"http://open.mapquestapi.com/staticmap/v5/map?key=<api_key>&type=map&size=225,160&locations=39.7348381,-104.9653271|marker-sm-50318A-2&scalebar=true&zoom=9&rand=-1580412657"},{"street":"Denver","adminArea6":"","adminArea6Type":"Neighborhood","adminArea5":"Fountain","adminArea5Type":"City","adminArea4":"El
        Paso County","adminArea4Type":"County","adminArea3":"CO","adminArea3Type":"State","adminArea1":"US","adminArea1Type":"Country","postalCode":"8017","geocodeQualityCode":"B1AXX","geocodeQuality":"STREET","dragPoint":false,"sideOfStreet":"N","linkId":"0","unknownInput":"","type":"s","latLng":{"lat":38.67294,"lng":-104.702767},"displayLatLng":{"lat":38.67294,"lng":-104.702767},"mapUrl":"http://open.mapquestapi.com/staticmap/v5/map?key=<api_key>&type=map&size=225,160&locations=38.67294,-104.702767|marker-sm-50318A-3&scalebar=true&zoom=15&rand=-218093264"}]}]}'
  recorded_at: Mon, 15 Nov 2021 18:36:28 GMT
- request:
    method: get
    uri: https://api.openweathermap.org/data/2.5/onecall?appid=<api_key>&exclude=minutely,alerts&lat=39.739154&lon=-104.984703&units=imperial
    body:
      encoding: US-ASCII
      string: ''
    headers:
      User-Agent:
      - Faraday v1.8.0
      Accept-Encoding:
      - gzip;q=1.0,deflate;q=0.6,identity;q=0.3
      Accept:
      - "*/*"
  response:
    status:
      code: 200
      message: OK
    headers:
      Server:
      - openresty
      Date:
      - Mon, 15 Nov 2021 18:36:29 GMT
      Content-Type:
      - application/json; charset=utf-8
      Content-Length:
      - '17706'
      Connection:
      - keep-alive
      X-Cache-Key:
      - "/data/2.5/onecall?exclude=minutely%2Calerts&lat=39.74&lon=-104.98&units=imperial"
      Access-Control-Allow-Origin:
      - "*"
      Access-Control-Allow-Credentials:
      - 'true'
      Access-Control-Allow-Methods:
      - GET, POST
    body:
      encoding: UTF-8
      string: '{"lat":39.7392,"lon":-104.9847,"timezone":"America/Denver","timezone_offset":-25200,"current":{"dt":1637001389,"sunrise":1636983900,"sunset":1637019866,"temp":69.08,"feels_like":66.49,"pressure":1015,"humidity":17,"dew_point":23.58,"uvi":2.11,"clouds":88,"visibility":10000,"wind_speed":1.99,"wind_deg":283,"wind_gust":8.01,"weather":[{"id":804,"main":"Clouds","description":"overcast
        clouds","icon":"04d"}]},"hourly":[{"dt":1636999200,"temp":68.47,"feels_like":65.86,"pressure":1015,"humidity":18,"dew_point":24.33,"uvi":2.28,"clouds":73,"visibility":10000,"wind_speed":3.58,"wind_deg":214,"wind_gust":7.34,"weather":[{"id":803,"main":"Clouds","description":"broken
        clouds","icon":"04d"}],"pop":0},{"dt":1637002800,"temp":69.08,"feels_like":66.49,"pressure":1015,"humidity":17,"dew_point":23.58,"uvi":2.11,"clouds":88,"visibility":10000,"wind_speed":2.64,"wind_deg":227,"wind_gust":6.69,"weather":[{"id":804,"main":"Clouds","description":"overcast
        clouds","icon":"04d"}],"pop":0},{"dt":1637006400,"temp":69.04,"feels_like":66.4,"pressure":1014,"humidity":16,"dew_point":22.26,"uvi":1.88,"clouds":89,"visibility":10000,"wind_speed":2.17,"wind_deg":225,"wind_gust":6.26,"weather":[{"id":804,"main":"Clouds","description":"overcast
        clouds","icon":"04d"}],"pop":0},{"dt":1637010000,"temp":68.58,"feels_like":65.89,"pressure":1014,"humidity":16,"dew_point":21.92,"uvi":1.29,"clouds":91,"visibility":10000,"wind_speed":2.44,"wind_deg":188,"wind_gust":3.33,"weather":[{"id":804,"main":"Clouds","description":"overcast
        clouds","icon":"04d"}],"pop":0},{"dt":1637013600,"temp":68.04,"feels_like":65.3,"pressure":1013,"humidity":16,"dew_point":21.54,"uvi":0.74,"clouds":93,"visibility":10000,"wind_speed":3.71,"wind_deg":173,"wind_gust":4.76,"weather":[{"id":804,"main":"Clouds","description":"overcast
        clouds","icon":"04d"}],"pop":0},{"dt":1637017200,"temp":66.06,"feels_like":63.16,"pressure":1012,"humidity":17,"dew_point":21.38,"uvi":0.22,"clouds":95,"visibility":10000,"wind_speed":1.81,"wind_deg":208,"wind_gust":1.99,"weather":[{"id":804,"main":"Clouds","description":"overcast
        clouds","icon":"04d"}],"pop":0},{"dt":1637020800,"temp":62.65,"feels_like":59.47,"pressure":1011,"humidity":18,"dew_point":18.61,"uvi":0,"clouds":98,"visibility":10000,"wind_speed":2.44,"wind_deg":271,"wind_gust":2.84,"weather":[{"id":804,"main":"Clouds","description":"overcast
        clouds","icon":"04n"}],"pop":0},{"dt":1637024400,"temp":60.93,"feels_like":57.61,"pressure":1012,"humidity":19,"dew_point":18.45,"uvi":0,"clouds":32,"visibility":10000,"wind_speed":3.44,"wind_deg":243,"wind_gust":3.27,"weather":[{"id":802,"main":"Clouds","description":"scattered
        clouds","icon":"03n"}],"pop":0},{"dt":1637028000,"temp":60.17,"feels_like":56.82,"pressure":1011,"humidity":20,"dew_point":18.86,"uvi":0,"clouds":66,"visibility":10000,"wind_speed":3.87,"wind_deg":238,"wind_gust":3.83,"weather":[{"id":803,"main":"Clouds","description":"broken
        clouds","icon":"04n"}],"pop":0},{"dt":1637031600,"temp":59.11,"feels_like":55.76,"pressure":1011,"humidity":22,"dew_point":19.9,"uvi":0,"clouds":77,"visibility":10000,"wind_speed":5.26,"wind_deg":219,"wind_gust":5.55,"weather":[{"id":803,"main":"Clouds","description":"broken
        clouds","icon":"04n"}],"pop":0},{"dt":1637035200,"temp":58.17,"feels_like":54.77,"pressure":1011,"humidity":23,"dew_point":20.66,"uvi":0,"clouds":83,"visibility":10000,"wind_speed":5.68,"wind_deg":209,"wind_gust":7.63,"weather":[{"id":803,"main":"Clouds","description":"broken
        clouds","icon":"04n"}],"pop":0},{"dt":1637038800,"temp":57.49,"feels_like":54.07,"pressure":1010,"humidity":24,"dew_point":20.86,"uvi":0,"clouds":86,"visibility":10000,"wind_speed":5.73,"wind_deg":201,"wind_gust":7.87,"weather":[{"id":804,"main":"Clouds","description":"overcast
        clouds","icon":"04n"}],"pop":0},{"dt":1637042400,"temp":56.84,"feels_like":53.4,"pressure":1009,"humidity":25,"dew_point":21.09,"uvi":0,"clouds":89,"visibility":10000,"wind_speed":4.85,"wind_deg":215,"wind_gust":5.53,"weather":[{"id":804,"main":"Clouds","description":"overcast
        clouds","icon":"04n"}],"pop":0},{"dt":1637046000,"temp":56.53,"feels_like":53.06,"pressure":1009,"humidity":25,"dew_point":21.29,"uvi":0,"clouds":100,"visibility":10000,"wind_speed":5.5,"wind_deg":199,"wind_gust":6.22,"weather":[{"id":804,"main":"Clouds","description":"overcast
        clouds","icon":"04n"}],"pop":0},{"dt":1637049600,"temp":55.96,"feels_like":52.48,"pressure":1008,"humidity":26,"dew_point":21.11,"uvi":0,"clouds":100,"visibility":10000,"wind_speed":5.57,"wind_deg":199,"wind_gust":6.35,"weather":[{"id":804,"main":"Clouds","description":"overcast
        clouds","icon":"04n"}],"pop":0},{"dt":1637053200,"temp":55.54,"feels_like":52.02,"pressure":1008,"humidity":26,"dew_point":20.71,"uvi":0,"clouds":100,"visibility":10000,"wind_speed":4.94,"wind_deg":216,"wind_gust":5.64,"weather":[{"id":804,"main":"Clouds","description":"overcast
        clouds","icon":"04n"}],"pop":0},{"dt":1637056800,"temp":55,"feels_like":51.42,"pressure":1007,"humidity":26,"dew_point":20.17,"uvi":0,"clouds":100,"visibility":10000,"wind_speed":4.74,"wind_deg":216,"wind_gust":5.19,"weather":[{"id":804,"main":"Clouds","description":"overcast
        clouds","icon":"04n"}],"pop":0},{"dt":1637060400,"temp":54.09,"feels_like":50.41,"pressure":1006,"humidity":26,"dew_point":19.71,"uvi":0,"clouds":100,"visibility":10000,"wind_speed":5.7,"wind_deg":207,"wind_gust":6.64,"weather":[{"id":804,"main":"Clouds","description":"overcast
        clouds","icon":"04n"}],"pop":0},{"dt":1637064000,"temp":53.47,"feels_like":49.75,"pressure":1007,"humidity":26,"dew_point":19.29,"uvi":0,"clouds":100,"visibility":10000,"wind_speed":5.41,"wind_deg":213,"wind_gust":6.62,"weather":[{"id":804,"main":"Clouds","description":"overcast
        clouds","icon":"04n"}],"pop":0},{"dt":1637067600,"temp":52.63,"feels_like":48.87,"pressure":1006,"humidity":27,"dew_point":19.13,"uvi":0,"clouds":100,"visibility":10000,"wind_speed":6.38,"wind_deg":202,"wind_gust":8.81,"weather":[{"id":804,"main":"Clouds","description":"overcast
        clouds","icon":"04n"}],"pop":0},{"dt":1637071200,"temp":52.07,"feels_like":48.25,"pressure":1006,"humidity":27,"dew_point":18.72,"uvi":0,"clouds":100,"visibility":10000,"wind_speed":6.38,"wind_deg":215,"wind_gust":9.24,"weather":[{"id":804,"main":"Clouds","description":"overcast
        clouds","icon":"04d"}],"pop":0},{"dt":1637074800,"temp":53.38,"feels_like":49.6,"pressure":1006,"humidity":25,"dew_point":18.01,"uvi":0.21,"clouds":100,"visibility":10000,"wind_speed":6.4,"wind_deg":208,"wind_gust":10.47,"weather":[{"id":804,"main":"Clouds","description":"overcast
        clouds","icon":"04d"}],"pop":0},{"dt":1637078400,"temp":57.04,"feels_like":53.42,"pressure":1006,"humidity":21,"dew_point":17.22,"uvi":0.68,"clouds":100,"visibility":10000,"wind_speed":5.73,"wind_deg":214,"wind_gust":9.95,"weather":[{"id":804,"main":"Clouds","description":"overcast
        clouds","icon":"04d"}],"pop":0},{"dt":1637082000,"temp":60.55,"feels_like":57.15,"pressure":1005,"humidity":18,"dew_point":16.75,"uvi":1.36,"clouds":100,"visibility":10000,"wind_speed":5.55,"wind_deg":209,"wind_gust":9.13,"weather":[{"id":804,"main":"Clouds","description":"overcast
        clouds","icon":"04d"}],"pop":0},{"dt":1637085600,"temp":63.99,"feels_like":60.78,"pressure":1004,"humidity":15,"dew_point":15.98,"uvi":1.97,"clouds":100,"visibility":10000,"wind_speed":4.21,"wind_deg":203,"wind_gust":5.99,"weather":[{"id":804,"main":"Clouds","description":"overcast
        clouds","icon":"04d"}],"pop":0},{"dt":1637089200,"temp":66.56,"feels_like":63.54,"pressure":1002,"humidity":13,"dew_point":14.76,"uvi":2.38,"clouds":100,"visibility":10000,"wind_speed":3.71,"wind_deg":178,"wind_gust":4.68,"weather":[{"id":804,"main":"Clouds","description":"overcast
        clouds","icon":"04d"}],"pop":0},{"dt":1637092800,"temp":68.09,"feels_like":65.16,"pressure":1001,"humidity":12,"dew_point":13.5,"uvi":2.13,"clouds":100,"visibility":10000,"wind_speed":1.48,"wind_deg":62,"wind_gust":2.86,"weather":[{"id":804,"main":"Clouds","description":"overcast
        clouds","icon":"04d"}],"pop":0},{"dt":1637096400,"temp":68.67,"feels_like":65.75,"pressure":1001,"humidity":11,"dew_point":12.94,"uvi":1.46,"clouds":100,"visibility":10000,"wind_speed":5.46,"wind_deg":336,"wind_gust":7.78,"weather":[{"id":804,"main":"Clouds","description":"overcast
        clouds","icon":"04d"}],"pop":0},{"dt":1637100000,"temp":67.91,"feels_like":64.96,"pressure":1002,"humidity":12,"dew_point":13.48,"uvi":0.69,"clouds":100,"visibility":10000,"wind_speed":8.05,"wind_deg":268,"wind_gust":24.85,"weather":[{"id":804,"main":"Clouds","description":"overcast
        clouds","icon":"04d"}],"pop":0},{"dt":1637103600,"temp":64.62,"feels_like":61.48,"pressure":1002,"humidity":15,"dew_point":16.14,"uvi":0.21,"clouds":100,"visibility":10000,"wind_speed":4.43,"wind_deg":303,"wind_gust":10.83,"weather":[{"id":804,"main":"Clouds","description":"overcast
        clouds","icon":"04d"}],"pop":0},{"dt":1637107200,"temp":62.08,"feels_like":58.78,"pressure":1002,"humidity":17,"dew_point":16.32,"uvi":0,"clouds":100,"visibility":10000,"wind_speed":5.66,"wind_deg":215,"wind_gust":12.73,"weather":[{"id":804,"main":"Clouds","description":"overcast
        clouds","icon":"04n"}],"pop":0},{"dt":1637110800,"temp":60.12,"feels_like":56.68,"pressure":1004,"humidity":18,"dew_point":16.43,"uvi":0,"clouds":100,"visibility":10000,"wind_speed":2.3,"wind_deg":204,"wind_gust":6.87,"weather":[{"id":804,"main":"Clouds","description":"overcast
        clouds","icon":"04n"}],"pop":0},{"dt":1637114400,"temp":58.3,"feels_like":54.77,"pressure":1004,"humidity":20,"dew_point":16.88,"uvi":0,"clouds":100,"visibility":10000,"wind_speed":1.99,"wind_deg":114,"wind_gust":4.21,"weather":[{"id":804,"main":"Clouds","description":"overcast
        clouds","icon":"04n"}],"pop":0},{"dt":1637118000,"temp":57.24,"feels_like":53.65,"pressure":1005,"humidity":21,"dew_point":17.15,"uvi":0,"clouds":100,"visibility":10000,"wind_speed":3.87,"wind_deg":24,"wind_gust":7.56,"weather":[{"id":804,"main":"Clouds","description":"overcast
        clouds","icon":"04n"}],"pop":0},{"dt":1637121600,"temp":55.49,"feels_like":51.82,"pressure":1006,"humidity":23,"dew_point":18.28,"uvi":0,"clouds":100,"visibility":10000,"wind_speed":2.8,"wind_deg":89,"wind_gust":4.99,"weather":[{"id":804,"main":"Clouds","description":"overcast
        clouds","icon":"04n"}],"pop":0},{"dt":1637125200,"temp":52.83,"feels_like":49.23,"pressure":1008,"humidity":30,"dew_point":21.6,"uvi":0,"clouds":100,"visibility":10000,"wind_speed":8.7,"wind_deg":85,"wind_gust":15.05,"weather":[{"id":804,"main":"Clouds","description":"overcast
        clouds","icon":"04n"}],"pop":0},{"dt":1637128800,"temp":49.1,"feels_like":44.55,"pressure":1010,"humidity":41,"dew_point":26.11,"uvi":0,"clouds":100,"visibility":10000,"wind_speed":11.14,"wind_deg":63,"wind_gust":18.7,"weather":[{"id":804,"main":"Clouds","description":"overcast
        clouds","icon":"04n"}],"pop":0},{"dt":1637132400,"temp":46.49,"feels_like":40.89,"pressure":1013,"humidity":39,"dew_point":22.53,"uvi":0,"clouds":32,"visibility":10000,"wind_speed":12.39,"wind_deg":48,"wind_gust":14.25,"weather":[{"id":802,"main":"Clouds","description":"scattered
        clouds","icon":"03n"}],"pop":0},{"dt":1637136000,"temp":41.68,"feels_like":35.74,"pressure":1016,"humidity":38,"dew_point":17.69,"uvi":0,"clouds":66,"visibility":10000,"wind_speed":9.95,"wind_deg":89,"wind_gust":11.77,"weather":[{"id":803,"main":"Clouds","description":"broken
        clouds","icon":"04n"}],"pop":0.04},{"dt":1637139600,"temp":40.62,"feels_like":35.73,"pressure":1016,"humidity":37,"dew_point":16.43,"uvi":0,"clouds":47,"visibility":10000,"wind_speed":7.29,"wind_deg":95,"wind_gust":7.74,"weather":[{"id":802,"main":"Clouds","description":"scattered
        clouds","icon":"03n"}],"pop":0.04},{"dt":1637143200,"temp":39.02,"feels_like":33.17,"pressure":1017,"humidity":36,"dew_point":13.8,"uvi":0,"clouds":38,"visibility":10000,"wind_speed":8.43,"wind_deg":90,"wind_gust":8.7,"weather":[{"id":802,"main":"Clouds","description":"scattered
        clouds","icon":"03n"}],"pop":0.04},{"dt":1637146800,"temp":37.63,"feels_like":31.68,"pressure":1019,"humidity":33,"dew_point":10.58,"uvi":0,"clouds":34,"visibility":10000,"wind_speed":8.05,"wind_deg":76,"wind_gust":8.05,"weather":[{"id":802,"main":"Clouds","description":"scattered
        clouds","icon":"03n"}],"pop":0.04},{"dt":1637150400,"temp":36.55,"feels_like":30.36,"pressure":1020,"humidity":29,"dew_point":7.25,"uvi":0,"clouds":45,"visibility":10000,"wind_speed":8.05,"wind_deg":70,"wind_gust":8.08,"weather":[{"id":802,"main":"Clouds","description":"scattered
        clouds","icon":"03n"}],"pop":0.04},{"dt":1637154000,"temp":35.67,"feels_like":30.15,"pressure":1021,"humidity":28,"dew_point":5.5,"uvi":0,"clouds":76,"visibility":10000,"wind_speed":6.64,"wind_deg":84,"wind_gust":6.49,"weather":[{"id":803,"main":"Clouds","description":"broken
        clouds","icon":"04n"}],"pop":0},{"dt":1637157600,"temp":35.19,"feels_like":29.7,"pressure":1023,"humidity":28,"dew_point":5.14,"uvi":0,"clouds":43,"visibility":10000,"wind_speed":6.46,"wind_deg":79,"wind_gust":6.11,"weather":[{"id":802,"main":"Clouds","description":"scattered
        clouds","icon":"03d"}],"pop":0},{"dt":1637161200,"temp":34.93,"feels_like":27.73,"pressure":1025,"humidity":27,"dew_point":4.39,"uvi":0.21,"clouds":29,"visibility":10000,"wind_speed":9.26,"wind_deg":62,"wind_gust":8.21,"weather":[{"id":802,"main":"Clouds","description":"scattered
        clouds","icon":"03d"}],"pop":0},{"dt":1637164800,"temp":35.2,"feels_like":28.06,"pressure":1026,"humidity":27,"dew_point":4.35,"uvi":0.73,"clouds":22,"visibility":10000,"wind_speed":9.28,"wind_deg":65,"wind_gust":7.96,"weather":[{"id":801,"main":"Clouds","description":"few
        clouds","icon":"02d"}],"pop":0},{"dt":1637168400,"temp":36.21,"feels_like":29.88,"pressure":1026,"humidity":27,"dew_point":5.16,"uvi":1.45,"clouds":18,"visibility":10000,"wind_speed":8.19,"wind_deg":63,"wind_gust":6.67,"weather":[{"id":801,"main":"Clouds","description":"few
        clouds","icon":"02d"}],"pop":0}],"daily":[{"dt":1636999200,"sunrise":1636983900,"sunset":1637019866,"moonrise":1637014500,"moonset":1636970460,"moon_phase":0.39,"temp":{"day":68.47,"min":51.22,"max":69.08,"night":56.84,"eve":62.65,"morn":52.27},"feels_like":{"day":65.86,"night":53.4,"eve":59.47,"morn":48.94},"pressure":1015,"humidity":18,"dew_point":24.33,"wind_speed":7.72,"wind_deg":202,"wind_gust":12.41,"weather":[{"id":803,"main":"Clouds","description":"broken
        clouds","icon":"04d"}],"clouds":73,"pop":0,"uvi":2.28},{"dt":1637085600,"sunrise":1637070369,"sunset":1637106221,"moonrise":1637102280,"moonset":1637060520,"moon_phase":0.42,"temp":{"day":63.99,"min":49.1,"max":68.67,"night":49.1,"eve":62.08,"morn":53.47},"feels_like":{"day":60.78,"night":44.55,"eve":58.78,"morn":49.75},"pressure":1004,"humidity":15,"dew_point":15.98,"wind_speed":11.14,"wind_deg":63,"wind_gust":24.85,"weather":[{"id":804,"main":"Clouds","description":"overcast
        clouds","icon":"04d"}],"clouds":100,"pop":0,"uvi":2.38},{"dt":1637172000,"sunrise":1637156837,"sunset":1637192577,"moonrise":1637190060,"moonset":1637150580,"moon_phase":0.45,"temp":{"day":37.47,"min":34.61,"max":46.49,"night":34.61,"eve":38.97,"morn":36.55},"feels_like":{"day":31.73,"night":28.69,"eve":32.23,"morn":30.36},"pressure":1026,"humidity":27,"dew_point":6.39,"wind_speed":12.39,"wind_deg":48,"wind_gust":14.25,"weather":[{"id":801,"main":"Clouds","description":"few
        clouds","icon":"02d"}],"clouds":15,"pop":0.04,"uvi":2.36},{"dt":1637258400,"sunrise":1637243306,"sunset":1637278935,"moonrise":1637278080,"moonset":1637240580,"moon_phase":0.48,"temp":{"day":43.99,"min":33.04,"max":50.5,"night":43.84,"eve":46.71,"morn":33.04},"feels_like":{"day":43.99,"night":41.83,"eve":45.36,"morn":33.04},"pressure":1022,"humidity":17,"dew_point":1.49,"wind_speed":3.91,"wind_deg":210,"wind_gust":4.63,"weather":[{"id":800,"main":"Clear","description":"clear
        sky","icon":"01d"}],"clouds":1,"pop":0,"uvi":2.53},{"dt":1637344800,"sunrise":1637329774,"sunset":1637365296,"moonrise":1637366280,"moonset":1637330640,"moon_phase":0.5,"temp":{"day":55.85,"min":43.34,"max":60.64,"night":48.7,"eve":55.26,"morn":43.48},"feels_like":{"day":51.75,"night":47.86,"eve":51.1,"morn":40.21},"pressure":1010,"humidity":13,"dew_point":4.8,"wind_speed":6.13,"wind_deg":204,"wind_gust":9.17,"weather":[{"id":804,"main":"Clouds","description":"overcast
        clouds","icon":"04d"}],"clouds":100,"pop":0,"uvi":3},{"dt":1637431200,"sunrise":1637416241,"sunset":1637451658,"moonrise":1637454840,"moonset":1637420700,"moon_phase":0.54,"temp":{"day":51.3,"min":40.84,"max":51.57,"night":40.84,"eve":46.17,"morn":44.94},"feels_like":{"day":47.59,"night":35.91,"eve":42.75,"morn":44.94},"pressure":1018,"humidity":31,"dew_point":21.24,"wind_speed":12.19,"wind_deg":84,"wind_gust":11.23,"weather":[{"id":500,"main":"Rain","description":"light
        rain","icon":"10d"}],"clouds":99,"pop":0.35,"rain":0.13,"uvi":3},{"dt":1637517600,"sunrise":1637502708,"sunset":1637538022,"moonrise":1637543700,"moonset":1637510580,"moon_phase":0.57,"temp":{"day":51.4,"min":37.69,"max":57.54,"night":45.99,"eve":52.84,"morn":37.69},"feels_like":{"day":47.37,"night":44.76,"eve":49.01,"morn":33.21},"pressure":1017,"humidity":24,"dew_point":15.49,"wind_speed":11.61,"wind_deg":320,"wind_gust":26.91,"weather":[{"id":802,"main":"Clouds","description":"scattered
        clouds","icon":"03d"}],"clouds":48,"pop":0,"uvi":3},{"dt":1637604000,"sunrise":1637589175,"sunset":1637624388,"moonrise":1637633040,"moonset":1637600280,"moon_phase":0.6,"temp":{"day":53.55,"min":42.28,"max":59.77,"night":47.98,"eve":54.82,"morn":42.28},"feels_like":{"day":50.05,"night":46.11,"eve":51.46,"morn":39.52},"pressure":1019,"humidity":31,"dew_point":23.43,"wind_speed":4.61,"wind_deg":204,"wind_gust":6.76,"weather":[{"id":803,"main":"Clouds","description":"broken
        clouds","icon":"04d"}],"clouds":69,"pop":0,"uvi":3}]}'
  recorded_at: Mon, 15 Nov 2021 18:36:29 GMT
- request:
    method: get
    uri: http://www.boredapi.com/api/activity?type=relaxation
    body:
      encoding: US-ASCII
      string: ''
    headers:
      User-Agent:
      - Faraday v1.8.0
      Accept-Encoding:
      - gzip;q=1.0,deflate;q=0.6,identity;q=0.3
      Accept:
      - "*/*"
  response:
    status:
      code: 200
      message: OK
    headers:
      Server:
      - Cowboy
      Connection:
      - keep-alive
      X-Powered-By:
      - Express
      Access-Control-Allow-Origin:
      - "*"
      Access-Control-Allow-Headers:
      - Origin, X-Requested-With, Content-Type, Accept
      Content-Type:
      - application/json; charset=utf-8
      Content-Length:
      - '153'
      Etag:
      - W/"99-hPnFYmxvzCaFoWuHxZrfp3yFKEM"
      Date:
      - Mon, 15 Nov 2021 18:36:31 GMT
      Via:
      - 1.1 vegur
    body:
      encoding: UTF-8
      string: '{"activity":"Plan a vacation you''ve always wanted to take","type":"relaxation","participants":1,"price":0,"link":"","key":"7265395","accessibility":0.05}'
  recorded_at: Mon, 15 Nov 2021 18:36:32 GMT
- request:
    method: get
    uri: http://www.boredapi.com/api/activity?type=recreational
    body:
      encoding: US-ASCII
      string: ''
    headers:
      User-Agent:
      - Faraday v1.8.0
      Accept-Encoding:
      - gzip;q=1.0,deflate;q=0.6,identity;q=0.3
      Accept:
      - "*/*"
  response:
    status:
      code: 200
      message: OK
    headers:
      Server:
      - Cowboy
      Connection:
      - keep-alive
      X-Powered-By:
      - Express
      Access-Control-Allow-Origin:
      - "*"
      Access-Control-Allow-Headers:
      - Origin, X-Requested-With, Content-Type, Accept
      Content-Type:
      - application/json; charset=utf-8
      Content-Length:
      - '138'
      Etag:
      - W/"8a-Mrk6CtmkVgvDvUDkJ6nTwpXtuyg"
      Date:
      - Mon, 15 Nov 2021 18:36:33 GMT
      Via:
      - 1.1 vegur
    body:
      encoding: UTF-8
      string: '{"activity":"Plan a trip to another country","type":"recreational","participants":1,"price":0,"link":"","key":"5554727","accessibility":0}'
  recorded_at: Mon, 15 Nov 2021 18:36:33 GMT
- request:
    method: get
    uri: https://api.openweathermap.org/data/2.5/onecall?appid=<api_key>&exclude=minutely,alerts&lat=39.739154&lon=-104.984703&units=imperial
    body:
      encoding: US-ASCII
      string: ''
    headers:
      User-Agent:
      - Faraday v1.8.0
      Accept-Encoding:
      - gzip;q=1.0,deflate;q=0.6,identity;q=0.3
      Accept:
      - "*/*"
  response:
    status:
      code: 200
      message: OK
    headers:
      Server:
      - openresty
      Date:
      - Mon, 15 Nov 2021 18:37:45 GMT
      Content-Type:
      - application/json; charset=utf-8
      Content-Length:
      - '17706'
      Connection:
      - keep-alive
      X-Cache-Key:
      - "/data/2.5/onecall?exclude=minutely%2Calerts&lat=39.74&lon=-104.98&units=imperial"
      Access-Control-Allow-Origin:
      - "*"
      Access-Control-Allow-Credentials:
      - 'true'
      Access-Control-Allow-Methods:
      - GET, POST
    body:
      encoding: UTF-8
      string: '{"lat":39.7392,"lon":-104.9847,"timezone":"America/Denver","timezone_offset":-25200,"current":{"dt":1637001465,"sunrise":1636983900,"sunset":1637019866,"temp":69.08,"feels_like":66.49,"pressure":1015,"humidity":17,"dew_point":23.58,"uvi":2.11,"clouds":88,"visibility":10000,"wind_speed":1.99,"wind_deg":283,"wind_gust":8.01,"weather":[{"id":804,"main":"Clouds","description":"overcast
        clouds","icon":"04d"}]},"hourly":[{"dt":1636999200,"temp":68.47,"feels_like":65.86,"pressure":1015,"humidity":18,"dew_point":24.33,"uvi":2.28,"clouds":73,"visibility":10000,"wind_speed":3.58,"wind_deg":214,"wind_gust":7.34,"weather":[{"id":803,"main":"Clouds","description":"broken
        clouds","icon":"04d"}],"pop":0},{"dt":1637002800,"temp":69.08,"feels_like":66.49,"pressure":1015,"humidity":17,"dew_point":23.58,"uvi":2.11,"clouds":88,"visibility":10000,"wind_speed":2.64,"wind_deg":227,"wind_gust":6.69,"weather":[{"id":804,"main":"Clouds","description":"overcast
        clouds","icon":"04d"}],"pop":0},{"dt":1637006400,"temp":69.04,"feels_like":66.4,"pressure":1014,"humidity":16,"dew_point":22.26,"uvi":1.88,"clouds":89,"visibility":10000,"wind_speed":2.17,"wind_deg":225,"wind_gust":6.26,"weather":[{"id":804,"main":"Clouds","description":"overcast
        clouds","icon":"04d"}],"pop":0},{"dt":1637010000,"temp":68.58,"feels_like":65.89,"pressure":1014,"humidity":16,"dew_point":21.92,"uvi":1.29,"clouds":91,"visibility":10000,"wind_speed":2.44,"wind_deg":188,"wind_gust":3.33,"weather":[{"id":804,"main":"Clouds","description":"overcast
        clouds","icon":"04d"}],"pop":0},{"dt":1637013600,"temp":68.04,"feels_like":65.3,"pressure":1013,"humidity":16,"dew_point":21.54,"uvi":0.74,"clouds":93,"visibility":10000,"wind_speed":3.71,"wind_deg":173,"wind_gust":4.76,"weather":[{"id":804,"main":"Clouds","description":"overcast
        clouds","icon":"04d"}],"pop":0},{"dt":1637017200,"temp":66.06,"feels_like":63.16,"pressure":1012,"humidity":17,"dew_point":21.38,"uvi":0.22,"clouds":95,"visibility":10000,"wind_speed":1.81,"wind_deg":208,"wind_gust":1.99,"weather":[{"id":804,"main":"Clouds","description":"overcast
        clouds","icon":"04d"}],"pop":0},{"dt":1637020800,"temp":62.65,"feels_like":59.47,"pressure":1011,"humidity":18,"dew_point":18.61,"uvi":0,"clouds":98,"visibility":10000,"wind_speed":2.44,"wind_deg":271,"wind_gust":2.84,"weather":[{"id":804,"main":"Clouds","description":"overcast
        clouds","icon":"04n"}],"pop":0},{"dt":1637024400,"temp":60.93,"feels_like":57.61,"pressure":1012,"humidity":19,"dew_point":18.45,"uvi":0,"clouds":32,"visibility":10000,"wind_speed":3.44,"wind_deg":243,"wind_gust":3.27,"weather":[{"id":802,"main":"Clouds","description":"scattered
        clouds","icon":"03n"}],"pop":0},{"dt":1637028000,"temp":60.17,"feels_like":56.82,"pressure":1011,"humidity":20,"dew_point":18.86,"uvi":0,"clouds":66,"visibility":10000,"wind_speed":3.87,"wind_deg":238,"wind_gust":3.83,"weather":[{"id":803,"main":"Clouds","description":"broken
        clouds","icon":"04n"}],"pop":0},{"dt":1637031600,"temp":59.11,"feels_like":55.76,"pressure":1011,"humidity":22,"dew_point":19.9,"uvi":0,"clouds":77,"visibility":10000,"wind_speed":5.26,"wind_deg":219,"wind_gust":5.55,"weather":[{"id":803,"main":"Clouds","description":"broken
        clouds","icon":"04n"}],"pop":0},{"dt":1637035200,"temp":58.17,"feels_like":54.77,"pressure":1011,"humidity":23,"dew_point":20.66,"uvi":0,"clouds":83,"visibility":10000,"wind_speed":5.68,"wind_deg":209,"wind_gust":7.63,"weather":[{"id":803,"main":"Clouds","description":"broken
        clouds","icon":"04n"}],"pop":0},{"dt":1637038800,"temp":57.49,"feels_like":54.07,"pressure":1010,"humidity":24,"dew_point":20.86,"uvi":0,"clouds":86,"visibility":10000,"wind_speed":5.73,"wind_deg":201,"wind_gust":7.87,"weather":[{"id":804,"main":"Clouds","description":"overcast
        clouds","icon":"04n"}],"pop":0},{"dt":1637042400,"temp":56.84,"feels_like":53.4,"pressure":1009,"humidity":25,"dew_point":21.09,"uvi":0,"clouds":89,"visibility":10000,"wind_speed":4.85,"wind_deg":215,"wind_gust":5.53,"weather":[{"id":804,"main":"Clouds","description":"overcast
        clouds","icon":"04n"}],"pop":0},{"dt":1637046000,"temp":56.53,"feels_like":53.06,"pressure":1009,"humidity":25,"dew_point":21.29,"uvi":0,"clouds":100,"visibility":10000,"wind_speed":5.5,"wind_deg":199,"wind_gust":6.22,"weather":[{"id":804,"main":"Clouds","description":"overcast
        clouds","icon":"04n"}],"pop":0},{"dt":1637049600,"temp":55.96,"feels_like":52.48,"pressure":1008,"humidity":26,"dew_point":21.11,"uvi":0,"clouds":100,"visibility":10000,"wind_speed":5.57,"wind_deg":199,"wind_gust":6.35,"weather":[{"id":804,"main":"Clouds","description":"overcast
        clouds","icon":"04n"}],"pop":0},{"dt":1637053200,"temp":55.54,"feels_like":52.02,"pressure":1008,"humidity":26,"dew_point":20.71,"uvi":0,"clouds":100,"visibility":10000,"wind_speed":4.94,"wind_deg":216,"wind_gust":5.64,"weather":[{"id":804,"main":"Clouds","description":"overcast
        clouds","icon":"04n"}],"pop":0},{"dt":1637056800,"temp":55,"feels_like":51.42,"pressure":1007,"humidity":26,"dew_point":20.17,"uvi":0,"clouds":100,"visibility":10000,"wind_speed":4.74,"wind_deg":216,"wind_gust":5.19,"weather":[{"id":804,"main":"Clouds","description":"overcast
        clouds","icon":"04n"}],"pop":0},{"dt":1637060400,"temp":54.09,"feels_like":50.41,"pressure":1006,"humidity":26,"dew_point":19.71,"uvi":0,"clouds":100,"visibility":10000,"wind_speed":5.7,"wind_deg":207,"wind_gust":6.64,"weather":[{"id":804,"main":"Clouds","description":"overcast
        clouds","icon":"04n"}],"pop":0},{"dt":1637064000,"temp":53.47,"feels_like":49.75,"pressure":1007,"humidity":26,"dew_point":19.29,"uvi":0,"clouds":100,"visibility":10000,"wind_speed":5.41,"wind_deg":213,"wind_gust":6.62,"weather":[{"id":804,"main":"Clouds","description":"overcast
        clouds","icon":"04n"}],"pop":0},{"dt":1637067600,"temp":52.63,"feels_like":48.87,"pressure":1006,"humidity":27,"dew_point":19.13,"uvi":0,"clouds":100,"visibility":10000,"wind_speed":6.38,"wind_deg":202,"wind_gust":8.81,"weather":[{"id":804,"main":"Clouds","description":"overcast
        clouds","icon":"04n"}],"pop":0},{"dt":1637071200,"temp":52.07,"feels_like":48.25,"pressure":1006,"humidity":27,"dew_point":18.72,"uvi":0,"clouds":100,"visibility":10000,"wind_speed":6.38,"wind_deg":215,"wind_gust":9.24,"weather":[{"id":804,"main":"Clouds","description":"overcast
        clouds","icon":"04d"}],"pop":0},{"dt":1637074800,"temp":53.38,"feels_like":49.6,"pressure":1006,"humidity":25,"dew_point":18.01,"uvi":0.21,"clouds":100,"visibility":10000,"wind_speed":6.4,"wind_deg":208,"wind_gust":10.47,"weather":[{"id":804,"main":"Clouds","description":"overcast
        clouds","icon":"04d"}],"pop":0},{"dt":1637078400,"temp":57.04,"feels_like":53.42,"pressure":1006,"humidity":21,"dew_point":17.22,"uvi":0.68,"clouds":100,"visibility":10000,"wind_speed":5.73,"wind_deg":214,"wind_gust":9.95,"weather":[{"id":804,"main":"Clouds","description":"overcast
        clouds","icon":"04d"}],"pop":0},{"dt":1637082000,"temp":60.55,"feels_like":57.15,"pressure":1005,"humidity":18,"dew_point":16.75,"uvi":1.36,"clouds":100,"visibility":10000,"wind_speed":5.55,"wind_deg":209,"wind_gust":9.13,"weather":[{"id":804,"main":"Clouds","description":"overcast
        clouds","icon":"04d"}],"pop":0},{"dt":1637085600,"temp":63.99,"feels_like":60.78,"pressure":1004,"humidity":15,"dew_point":15.98,"uvi":1.97,"clouds":100,"visibility":10000,"wind_speed":4.21,"wind_deg":203,"wind_gust":5.99,"weather":[{"id":804,"main":"Clouds","description":"overcast
        clouds","icon":"04d"}],"pop":0},{"dt":1637089200,"temp":66.56,"feels_like":63.54,"pressure":1002,"humidity":13,"dew_point":14.76,"uvi":2.38,"clouds":100,"visibility":10000,"wind_speed":3.71,"wind_deg":178,"wind_gust":4.68,"weather":[{"id":804,"main":"Clouds","description":"overcast
        clouds","icon":"04d"}],"pop":0},{"dt":1637092800,"temp":68.09,"feels_like":65.16,"pressure":1001,"humidity":12,"dew_point":13.5,"uvi":2.13,"clouds":100,"visibility":10000,"wind_speed":1.48,"wind_deg":62,"wind_gust":2.86,"weather":[{"id":804,"main":"Clouds","description":"overcast
        clouds","icon":"04d"}],"pop":0},{"dt":1637096400,"temp":68.67,"feels_like":65.75,"pressure":1001,"humidity":11,"dew_point":12.94,"uvi":1.46,"clouds":100,"visibility":10000,"wind_speed":5.46,"wind_deg":336,"wind_gust":7.78,"weather":[{"id":804,"main":"Clouds","description":"overcast
        clouds","icon":"04d"}],"pop":0},{"dt":1637100000,"temp":67.91,"feels_like":64.96,"pressure":1002,"humidity":12,"dew_point":13.48,"uvi":0.69,"clouds":100,"visibility":10000,"wind_speed":8.05,"wind_deg":268,"wind_gust":24.85,"weather":[{"id":804,"main":"Clouds","description":"overcast
        clouds","icon":"04d"}],"pop":0},{"dt":1637103600,"temp":64.62,"feels_like":61.48,"pressure":1002,"humidity":15,"dew_point":16.14,"uvi":0.21,"clouds":100,"visibility":10000,"wind_speed":4.43,"wind_deg":303,"wind_gust":10.83,"weather":[{"id":804,"main":"Clouds","description":"overcast
        clouds","icon":"04d"}],"pop":0},{"dt":1637107200,"temp":62.08,"feels_like":58.78,"pressure":1002,"humidity":17,"dew_point":16.32,"uvi":0,"clouds":100,"visibility":10000,"wind_speed":5.66,"wind_deg":215,"wind_gust":12.73,"weather":[{"id":804,"main":"Clouds","description":"overcast
        clouds","icon":"04n"}],"pop":0},{"dt":1637110800,"temp":60.12,"feels_like":56.68,"pressure":1004,"humidity":18,"dew_point":16.43,"uvi":0,"clouds":100,"visibility":10000,"wind_speed":2.3,"wind_deg":204,"wind_gust":6.87,"weather":[{"id":804,"main":"Clouds","description":"overcast
        clouds","icon":"04n"}],"pop":0},{"dt":1637114400,"temp":58.3,"feels_like":54.77,"pressure":1004,"humidity":20,"dew_point":16.88,"uvi":0,"clouds":100,"visibility":10000,"wind_speed":1.99,"wind_deg":114,"wind_gust":4.21,"weather":[{"id":804,"main":"Clouds","description":"overcast
        clouds","icon":"04n"}],"pop":0},{"dt":1637118000,"temp":57.24,"feels_like":53.65,"pressure":1005,"humidity":21,"dew_point":17.15,"uvi":0,"clouds":100,"visibility":10000,"wind_speed":3.87,"wind_deg":24,"wind_gust":7.56,"weather":[{"id":804,"main":"Clouds","description":"overcast
        clouds","icon":"04n"}],"pop":0},{"dt":1637121600,"temp":55.49,"feels_like":51.82,"pressure":1006,"humidity":23,"dew_point":18.28,"uvi":0,"clouds":100,"visibility":10000,"wind_speed":2.8,"wind_deg":89,"wind_gust":4.99,"weather":[{"id":804,"main":"Clouds","description":"overcast
        clouds","icon":"04n"}],"pop":0},{"dt":1637125200,"temp":52.83,"feels_like":49.23,"pressure":1008,"humidity":30,"dew_point":21.6,"uvi":0,"clouds":100,"visibility":10000,"wind_speed":8.7,"wind_deg":85,"wind_gust":15.05,"weather":[{"id":804,"main":"Clouds","description":"overcast
        clouds","icon":"04n"}],"pop":0},{"dt":1637128800,"temp":49.1,"feels_like":44.55,"pressure":1010,"humidity":41,"dew_point":26.11,"uvi":0,"clouds":100,"visibility":10000,"wind_speed":11.14,"wind_deg":63,"wind_gust":18.7,"weather":[{"id":804,"main":"Clouds","description":"overcast
        clouds","icon":"04n"}],"pop":0},{"dt":1637132400,"temp":46.49,"feels_like":40.89,"pressure":1013,"humidity":39,"dew_point":22.53,"uvi":0,"clouds":32,"visibility":10000,"wind_speed":12.39,"wind_deg":48,"wind_gust":14.25,"weather":[{"id":802,"main":"Clouds","description":"scattered
        clouds","icon":"03n"}],"pop":0},{"dt":1637136000,"temp":41.68,"feels_like":35.74,"pressure":1016,"humidity":38,"dew_point":17.69,"uvi":0,"clouds":66,"visibility":10000,"wind_speed":9.95,"wind_deg":89,"wind_gust":11.77,"weather":[{"id":803,"main":"Clouds","description":"broken
        clouds","icon":"04n"}],"pop":0.04},{"dt":1637139600,"temp":40.62,"feels_like":35.73,"pressure":1016,"humidity":37,"dew_point":16.43,"uvi":0,"clouds":47,"visibility":10000,"wind_speed":7.29,"wind_deg":95,"wind_gust":7.74,"weather":[{"id":802,"main":"Clouds","description":"scattered
        clouds","icon":"03n"}],"pop":0.04},{"dt":1637143200,"temp":39.02,"feels_like":33.17,"pressure":1017,"humidity":36,"dew_point":13.8,"uvi":0,"clouds":38,"visibility":10000,"wind_speed":8.43,"wind_deg":90,"wind_gust":8.7,"weather":[{"id":802,"main":"Clouds","description":"scattered
        clouds","icon":"03n"}],"pop":0.04},{"dt":1637146800,"temp":37.63,"feels_like":31.68,"pressure":1019,"humidity":33,"dew_point":10.58,"uvi":0,"clouds":34,"visibility":10000,"wind_speed":8.05,"wind_deg":76,"wind_gust":8.05,"weather":[{"id":802,"main":"Clouds","description":"scattered
        clouds","icon":"03n"}],"pop":0.04},{"dt":1637150400,"temp":36.55,"feels_like":30.36,"pressure":1020,"humidity":29,"dew_point":7.25,"uvi":0,"clouds":45,"visibility":10000,"wind_speed":8.05,"wind_deg":70,"wind_gust":8.08,"weather":[{"id":802,"main":"Clouds","description":"scattered
        clouds","icon":"03n"}],"pop":0.04},{"dt":1637154000,"temp":35.67,"feels_like":30.15,"pressure":1021,"humidity":28,"dew_point":5.5,"uvi":0,"clouds":76,"visibility":10000,"wind_speed":6.64,"wind_deg":84,"wind_gust":6.49,"weather":[{"id":803,"main":"Clouds","description":"broken
        clouds","icon":"04n"}],"pop":0},{"dt":1637157600,"temp":35.19,"feels_like":29.7,"pressure":1023,"humidity":28,"dew_point":5.14,"uvi":0,"clouds":43,"visibility":10000,"wind_speed":6.46,"wind_deg":79,"wind_gust":6.11,"weather":[{"id":802,"main":"Clouds","description":"scattered
        clouds","icon":"03d"}],"pop":0},{"dt":1637161200,"temp":34.93,"feels_like":27.73,"pressure":1025,"humidity":27,"dew_point":4.39,"uvi":0.21,"clouds":29,"visibility":10000,"wind_speed":9.26,"wind_deg":62,"wind_gust":8.21,"weather":[{"id":802,"main":"Clouds","description":"scattered
        clouds","icon":"03d"}],"pop":0},{"dt":1637164800,"temp":35.2,"feels_like":28.06,"pressure":1026,"humidity":27,"dew_point":4.35,"uvi":0.73,"clouds":22,"visibility":10000,"wind_speed":9.28,"wind_deg":65,"wind_gust":7.96,"weather":[{"id":801,"main":"Clouds","description":"few
        clouds","icon":"02d"}],"pop":0},{"dt":1637168400,"temp":36.21,"feels_like":29.88,"pressure":1026,"humidity":27,"dew_point":5.16,"uvi":1.45,"clouds":18,"visibility":10000,"wind_speed":8.19,"wind_deg":63,"wind_gust":6.67,"weather":[{"id":801,"main":"Clouds","description":"few
        clouds","icon":"02d"}],"pop":0}],"daily":[{"dt":1636999200,"sunrise":1636983900,"sunset":1637019866,"moonrise":1637014500,"moonset":1636970460,"moon_phase":0.39,"temp":{"day":68.47,"min":51.22,"max":69.08,"night":56.84,"eve":62.65,"morn":52.27},"feels_like":{"day":65.86,"night":53.4,"eve":59.47,"morn":48.94},"pressure":1015,"humidity":18,"dew_point":24.33,"wind_speed":7.72,"wind_deg":202,"wind_gust":12.41,"weather":[{"id":803,"main":"Clouds","description":"broken
        clouds","icon":"04d"}],"clouds":73,"pop":0,"uvi":2.28},{"dt":1637085600,"sunrise":1637070369,"sunset":1637106221,"moonrise":1637102280,"moonset":1637060520,"moon_phase":0.42,"temp":{"day":63.99,"min":49.1,"max":68.67,"night":49.1,"eve":62.08,"morn":53.47},"feels_like":{"day":60.78,"night":44.55,"eve":58.78,"morn":49.75},"pressure":1004,"humidity":15,"dew_point":15.98,"wind_speed":11.14,"wind_deg":63,"wind_gust":24.85,"weather":[{"id":804,"main":"Clouds","description":"overcast
        clouds","icon":"04d"}],"clouds":100,"pop":0,"uvi":2.38},{"dt":1637172000,"sunrise":1637156837,"sunset":1637192577,"moonrise":1637190060,"moonset":1637150580,"moon_phase":0.45,"temp":{"day":37.47,"min":34.61,"max":46.49,"night":34.61,"eve":38.97,"morn":36.55},"feels_like":{"day":31.73,"night":28.69,"eve":32.23,"morn":30.36},"pressure":1026,"humidity":27,"dew_point":6.39,"wind_speed":12.39,"wind_deg":48,"wind_gust":14.25,"weather":[{"id":801,"main":"Clouds","description":"few
        clouds","icon":"02d"}],"clouds":15,"pop":0.04,"uvi":2.36},{"dt":1637258400,"sunrise":1637243306,"sunset":1637278935,"moonrise":1637278080,"moonset":1637240580,"moon_phase":0.48,"temp":{"day":43.99,"min":33.04,"max":50.5,"night":43.84,"eve":46.71,"morn":33.04},"feels_like":{"day":43.99,"night":41.83,"eve":45.36,"morn":33.04},"pressure":1022,"humidity":17,"dew_point":1.49,"wind_speed":3.91,"wind_deg":210,"wind_gust":4.63,"weather":[{"id":800,"main":"Clear","description":"clear
        sky","icon":"01d"}],"clouds":1,"pop":0,"uvi":2.53},{"dt":1637344800,"sunrise":1637329774,"sunset":1637365296,"moonrise":1637366280,"moonset":1637330640,"moon_phase":0.5,"temp":{"day":55.85,"min":43.34,"max":60.64,"night":48.7,"eve":55.26,"morn":43.48},"feels_like":{"day":51.75,"night":47.86,"eve":51.1,"morn":40.21},"pressure":1010,"humidity":13,"dew_point":4.8,"wind_speed":6.13,"wind_deg":204,"wind_gust":9.17,"weather":[{"id":804,"main":"Clouds","description":"overcast
        clouds","icon":"04d"}],"clouds":100,"pop":0,"uvi":3},{"dt":1637431200,"sunrise":1637416241,"sunset":1637451658,"moonrise":1637454840,"moonset":1637420700,"moon_phase":0.54,"temp":{"day":51.3,"min":40.84,"max":51.57,"night":40.84,"eve":46.17,"morn":44.94},"feels_like":{"day":47.59,"night":35.91,"eve":42.75,"morn":44.94},"pressure":1018,"humidity":31,"dew_point":21.24,"wind_speed":12.19,"wind_deg":84,"wind_gust":11.23,"weather":[{"id":500,"main":"Rain","description":"light
        rain","icon":"10d"}],"clouds":99,"pop":0.35,"rain":0.13,"uvi":3},{"dt":1637517600,"sunrise":1637502708,"sunset":1637538022,"moonrise":1637543700,"moonset":1637510580,"moon_phase":0.57,"temp":{"day":51.4,"min":37.69,"max":57.54,"night":45.99,"eve":52.84,"morn":37.69},"feels_like":{"day":47.37,"night":44.76,"eve":49.01,"morn":33.21},"pressure":1017,"humidity":24,"dew_point":15.49,"wind_speed":11.61,"wind_deg":320,"wind_gust":26.91,"weather":[{"id":802,"main":"Clouds","description":"scattered
        clouds","icon":"03d"}],"clouds":48,"pop":0,"uvi":3},{"dt":1637604000,"sunrise":1637589175,"sunset":1637624388,"moonrise":1637633040,"moonset":1637600280,"moon_phase":0.6,"temp":{"day":53.55,"min":42.28,"max":59.77,"night":47.98,"eve":54.82,"morn":42.28},"feels_like":{"day":50.05,"night":46.11,"eve":51.46,"morn":39.52},"pressure":1019,"humidity":31,"dew_point":23.43,"wind_speed":4.61,"wind_deg":204,"wind_gust":6.76,"weather":[{"id":803,"main":"Clouds","description":"broken
        clouds","icon":"04d"}],"clouds":69,"pop":0,"uvi":3}]}'
  recorded_at: Mon, 15 Nov 2021 18:37:45 GMT
- request:
    method: get
    uri: https://api.openweathermap.org/data/2.5/onecall?appid=<api_key>&exclude=minutely,alerts&lat=39.739154&lon=-104.984703&units=imperial
    body:
      encoding: US-ASCII
      string: ''
    headers:
      User-Agent:
      - Faraday v1.8.0
      Accept-Encoding:
      - gzip;q=1.0,deflate;q=0.6,identity;q=0.3
      Accept:
      - "*/*"
  response:
    status:
      code: 200
      message: OK
    headers:
      Server:
      - openresty
      Date:
      - Mon, 15 Nov 2021 18:38:52 GMT
      Content-Type:
      - application/json; charset=utf-8
      Content-Length:
      - '17705'
      Connection:
      - keep-alive
      X-Cache-Key:
      - "/data/2.5/onecall?exclude=minutely%2Calerts&lat=39.74&lon=-104.98&units=imperial"
      Access-Control-Allow-Origin:
      - "*"
      Access-Control-Allow-Credentials:
      - 'true'
      Access-Control-Allow-Methods:
      - GET, POST
    body:
      encoding: UTF-8
      string: '{"lat":39.7392,"lon":-104.9847,"timezone":"America/Denver","timezone_offset":-25200,"current":{"dt":1637001532,"sunrise":1636983900,"sunset":1637019866,"temp":69.1,"feels_like":66.51,"pressure":1015,"humidity":17,"dew_point":23.58,"uvi":2.11,"clouds":88,"visibility":10000,"wind_speed":1.99,"wind_deg":283,"wind_gust":8.01,"weather":[{"id":804,"main":"Clouds","description":"overcast
        clouds","icon":"04d"}]},"hourly":[{"dt":1636999200,"temp":68.49,"feels_like":65.88,"pressure":1015,"humidity":18,"dew_point":24.35,"uvi":2.28,"clouds":73,"visibility":10000,"wind_speed":3.58,"wind_deg":214,"wind_gust":7.34,"weather":[{"id":803,"main":"Clouds","description":"broken
        clouds","icon":"04d"}],"pop":0},{"dt":1637002800,"temp":69.1,"feels_like":66.51,"pressure":1015,"humidity":17,"dew_point":23.58,"uvi":2.11,"clouds":88,"visibility":10000,"wind_speed":2.64,"wind_deg":227,"wind_gust":6.69,"weather":[{"id":804,"main":"Clouds","description":"overcast
        clouds","icon":"04d"}],"pop":0},{"dt":1637006400,"temp":69.06,"feels_like":66.42,"pressure":1014,"humidity":16,"dew_point":22.28,"uvi":1.88,"clouds":89,"visibility":10000,"wind_speed":2.17,"wind_deg":225,"wind_gust":6.26,"weather":[{"id":804,"main":"Clouds","description":"overcast
        clouds","icon":"04d"}],"pop":0},{"dt":1637010000,"temp":68.58,"feels_like":65.89,"pressure":1014,"humidity":16,"dew_point":21.92,"uvi":1.29,"clouds":91,"visibility":10000,"wind_speed":2.44,"wind_deg":188,"wind_gust":3.33,"weather":[{"id":804,"main":"Clouds","description":"overcast
        clouds","icon":"04d"}],"pop":0},{"dt":1637013600,"temp":68.05,"feels_like":65.32,"pressure":1013,"humidity":16,"dew_point":21.56,"uvi":0.74,"clouds":93,"visibility":10000,"wind_speed":3.71,"wind_deg":173,"wind_gust":4.76,"weather":[{"id":804,"main":"Clouds","description":"overcast
        clouds","icon":"04d"}],"pop":0},{"dt":1637017200,"temp":66.06,"feels_like":63.16,"pressure":1012,"humidity":17,"dew_point":21.38,"uvi":0.22,"clouds":95,"visibility":10000,"wind_speed":1.81,"wind_deg":208,"wind_gust":1.99,"weather":[{"id":804,"main":"Clouds","description":"overcast
        clouds","icon":"04d"}],"pop":0},{"dt":1637020800,"temp":62.65,"feels_like":59.47,"pressure":1011,"humidity":18,"dew_point":18.61,"uvi":0,"clouds":98,"visibility":10000,"wind_speed":2.44,"wind_deg":271,"wind_gust":2.84,"weather":[{"id":804,"main":"Clouds","description":"overcast
        clouds","icon":"04n"}],"pop":0},{"dt":1637024400,"temp":60.93,"feels_like":57.61,"pressure":1012,"humidity":19,"dew_point":18.45,"uvi":0,"clouds":32,"visibility":10000,"wind_speed":3.44,"wind_deg":243,"wind_gust":3.27,"weather":[{"id":802,"main":"Clouds","description":"scattered
        clouds","icon":"03n"}],"pop":0},{"dt":1637028000,"temp":60.17,"feels_like":56.82,"pressure":1011,"humidity":20,"dew_point":18.86,"uvi":0,"clouds":66,"visibility":10000,"wind_speed":3.87,"wind_deg":238,"wind_gust":3.83,"weather":[{"id":803,"main":"Clouds","description":"broken
        clouds","icon":"04n"}],"pop":0},{"dt":1637031600,"temp":59.11,"feels_like":55.76,"pressure":1011,"humidity":22,"dew_point":19.9,"uvi":0,"clouds":77,"visibility":10000,"wind_speed":5.26,"wind_deg":219,"wind_gust":5.55,"weather":[{"id":803,"main":"Clouds","description":"broken
        clouds","icon":"04n"}],"pop":0},{"dt":1637035200,"temp":58.17,"feels_like":54.77,"pressure":1011,"humidity":23,"dew_point":20.66,"uvi":0,"clouds":83,"visibility":10000,"wind_speed":5.68,"wind_deg":209,"wind_gust":7.63,"weather":[{"id":803,"main":"Clouds","description":"broken
        clouds","icon":"04n"}],"pop":0},{"dt":1637038800,"temp":57.49,"feels_like":54.07,"pressure":1010,"humidity":24,"dew_point":20.86,"uvi":0,"clouds":86,"visibility":10000,"wind_speed":5.73,"wind_deg":201,"wind_gust":7.87,"weather":[{"id":804,"main":"Clouds","description":"overcast
        clouds","icon":"04n"}],"pop":0},{"dt":1637042400,"temp":56.84,"feels_like":53.4,"pressure":1009,"humidity":25,"dew_point":21.09,"uvi":0,"clouds":89,"visibility":10000,"wind_speed":4.85,"wind_deg":215,"wind_gust":5.53,"weather":[{"id":804,"main":"Clouds","description":"overcast
        clouds","icon":"04n"}],"pop":0},{"dt":1637046000,"temp":56.53,"feels_like":53.06,"pressure":1009,"humidity":25,"dew_point":21.29,"uvi":0,"clouds":100,"visibility":10000,"wind_speed":5.5,"wind_deg":199,"wind_gust":6.22,"weather":[{"id":804,"main":"Clouds","description":"overcast
        clouds","icon":"04n"}],"pop":0},{"dt":1637049600,"temp":55.96,"feels_like":52.48,"pressure":1008,"humidity":26,"dew_point":21.11,"uvi":0,"clouds":100,"visibility":10000,"wind_speed":5.57,"wind_deg":199,"wind_gust":6.35,"weather":[{"id":804,"main":"Clouds","description":"overcast
        clouds","icon":"04n"}],"pop":0},{"dt":1637053200,"temp":55.54,"feels_like":52.02,"pressure":1008,"humidity":26,"dew_point":20.71,"uvi":0,"clouds":100,"visibility":10000,"wind_speed":4.94,"wind_deg":216,"wind_gust":5.64,"weather":[{"id":804,"main":"Clouds","description":"overcast
        clouds","icon":"04n"}],"pop":0},{"dt":1637056800,"temp":55,"feels_like":51.42,"pressure":1007,"humidity":26,"dew_point":20.17,"uvi":0,"clouds":100,"visibility":10000,"wind_speed":4.74,"wind_deg":216,"wind_gust":5.19,"weather":[{"id":804,"main":"Clouds","description":"overcast
        clouds","icon":"04n"}],"pop":0},{"dt":1637060400,"temp":54.09,"feels_like":50.41,"pressure":1006,"humidity":26,"dew_point":19.71,"uvi":0,"clouds":100,"visibility":10000,"wind_speed":5.7,"wind_deg":207,"wind_gust":6.64,"weather":[{"id":804,"main":"Clouds","description":"overcast
        clouds","icon":"04n"}],"pop":0},{"dt":1637064000,"temp":53.47,"feels_like":49.75,"pressure":1007,"humidity":26,"dew_point":19.29,"uvi":0,"clouds":100,"visibility":10000,"wind_speed":5.41,"wind_deg":213,"wind_gust":6.62,"weather":[{"id":804,"main":"Clouds","description":"overcast
        clouds","icon":"04n"}],"pop":0},{"dt":1637067600,"temp":52.63,"feels_like":48.87,"pressure":1006,"humidity":27,"dew_point":19.13,"uvi":0,"clouds":100,"visibility":10000,"wind_speed":6.38,"wind_deg":202,"wind_gust":8.81,"weather":[{"id":804,"main":"Clouds","description":"overcast
        clouds","icon":"04n"}],"pop":0},{"dt":1637071200,"temp":52.07,"feels_like":48.25,"pressure":1006,"humidity":27,"dew_point":18.72,"uvi":0,"clouds":100,"visibility":10000,"wind_speed":6.38,"wind_deg":215,"wind_gust":9.24,"weather":[{"id":804,"main":"Clouds","description":"overcast
        clouds","icon":"04d"}],"pop":0},{"dt":1637074800,"temp":53.38,"feels_like":49.6,"pressure":1006,"humidity":25,"dew_point":18.01,"uvi":0.21,"clouds":100,"visibility":10000,"wind_speed":6.4,"wind_deg":208,"wind_gust":10.47,"weather":[{"id":804,"main":"Clouds","description":"overcast
        clouds","icon":"04d"}],"pop":0},{"dt":1637078400,"temp":57.04,"feels_like":53.42,"pressure":1006,"humidity":21,"dew_point":17.22,"uvi":0.68,"clouds":100,"visibility":10000,"wind_speed":5.73,"wind_deg":214,"wind_gust":9.95,"weather":[{"id":804,"main":"Clouds","description":"overcast
        clouds","icon":"04d"}],"pop":0},{"dt":1637082000,"temp":60.55,"feels_like":57.15,"pressure":1005,"humidity":18,"dew_point":16.75,"uvi":1.36,"clouds":100,"visibility":10000,"wind_speed":5.55,"wind_deg":209,"wind_gust":9.13,"weather":[{"id":804,"main":"Clouds","description":"overcast
        clouds","icon":"04d"}],"pop":0},{"dt":1637085600,"temp":63.99,"feels_like":60.78,"pressure":1004,"humidity":15,"dew_point":15.98,"uvi":1.97,"clouds":100,"visibility":10000,"wind_speed":4.21,"wind_deg":203,"wind_gust":5.99,"weather":[{"id":804,"main":"Clouds","description":"overcast
        clouds","icon":"04d"}],"pop":0},{"dt":1637089200,"temp":66.56,"feels_like":63.54,"pressure":1002,"humidity":13,"dew_point":14.76,"uvi":2.38,"clouds":100,"visibility":10000,"wind_speed":3.71,"wind_deg":178,"wind_gust":4.68,"weather":[{"id":804,"main":"Clouds","description":"overcast
        clouds","icon":"04d"}],"pop":0},{"dt":1637092800,"temp":68.09,"feels_like":65.16,"pressure":1001,"humidity":12,"dew_point":13.5,"uvi":2.13,"clouds":100,"visibility":10000,"wind_speed":1.48,"wind_deg":62,"wind_gust":2.86,"weather":[{"id":804,"main":"Clouds","description":"overcast
        clouds","icon":"04d"}],"pop":0},{"dt":1637096400,"temp":68.67,"feels_like":65.75,"pressure":1001,"humidity":11,"dew_point":12.94,"uvi":1.46,"clouds":100,"visibility":10000,"wind_speed":5.46,"wind_deg":336,"wind_gust":7.78,"weather":[{"id":804,"main":"Clouds","description":"overcast
        clouds","icon":"04d"}],"pop":0},{"dt":1637100000,"temp":67.91,"feels_like":64.96,"pressure":1002,"humidity":12,"dew_point":13.48,"uvi":0.69,"clouds":100,"visibility":10000,"wind_speed":8.05,"wind_deg":268,"wind_gust":24.85,"weather":[{"id":804,"main":"Clouds","description":"overcast
        clouds","icon":"04d"}],"pop":0},{"dt":1637103600,"temp":64.62,"feels_like":61.48,"pressure":1002,"humidity":15,"dew_point":16.14,"uvi":0.21,"clouds":100,"visibility":10000,"wind_speed":4.43,"wind_deg":303,"wind_gust":10.83,"weather":[{"id":804,"main":"Clouds","description":"overcast
        clouds","icon":"04d"}],"pop":0},{"dt":1637107200,"temp":62.08,"feels_like":58.78,"pressure":1002,"humidity":17,"dew_point":16.32,"uvi":0,"clouds":100,"visibility":10000,"wind_speed":5.66,"wind_deg":215,"wind_gust":12.73,"weather":[{"id":804,"main":"Clouds","description":"overcast
        clouds","icon":"04n"}],"pop":0},{"dt":1637110800,"temp":60.12,"feels_like":56.68,"pressure":1004,"humidity":18,"dew_point":16.43,"uvi":0,"clouds":100,"visibility":10000,"wind_speed":2.3,"wind_deg":204,"wind_gust":6.87,"weather":[{"id":804,"main":"Clouds","description":"overcast
        clouds","icon":"04n"}],"pop":0},{"dt":1637114400,"temp":58.3,"feels_like":54.77,"pressure":1004,"humidity":20,"dew_point":16.88,"uvi":0,"clouds":100,"visibility":10000,"wind_speed":1.99,"wind_deg":114,"wind_gust":4.21,"weather":[{"id":804,"main":"Clouds","description":"overcast
        clouds","icon":"04n"}],"pop":0},{"dt":1637118000,"temp":57.24,"feels_like":53.65,"pressure":1005,"humidity":21,"dew_point":17.15,"uvi":0,"clouds":100,"visibility":10000,"wind_speed":3.87,"wind_deg":24,"wind_gust":7.56,"weather":[{"id":804,"main":"Clouds","description":"overcast
        clouds","icon":"04n"}],"pop":0},{"dt":1637121600,"temp":55.49,"feels_like":51.82,"pressure":1006,"humidity":23,"dew_point":18.28,"uvi":0,"clouds":100,"visibility":10000,"wind_speed":2.8,"wind_deg":89,"wind_gust":4.99,"weather":[{"id":804,"main":"Clouds","description":"overcast
        clouds","icon":"04n"}],"pop":0},{"dt":1637125200,"temp":52.83,"feels_like":49.23,"pressure":1008,"humidity":30,"dew_point":21.6,"uvi":0,"clouds":100,"visibility":10000,"wind_speed":8.7,"wind_deg":85,"wind_gust":15.05,"weather":[{"id":804,"main":"Clouds","description":"overcast
        clouds","icon":"04n"}],"pop":0},{"dt":1637128800,"temp":49.1,"feels_like":44.55,"pressure":1010,"humidity":41,"dew_point":26.11,"uvi":0,"clouds":100,"visibility":10000,"wind_speed":11.14,"wind_deg":63,"wind_gust":18.7,"weather":[{"id":804,"main":"Clouds","description":"overcast
        clouds","icon":"04n"}],"pop":0},{"dt":1637132400,"temp":46.49,"feels_like":40.89,"pressure":1013,"humidity":39,"dew_point":22.53,"uvi":0,"clouds":32,"visibility":10000,"wind_speed":12.39,"wind_deg":48,"wind_gust":14.25,"weather":[{"id":802,"main":"Clouds","description":"scattered
        clouds","icon":"03n"}],"pop":0},{"dt":1637136000,"temp":41.68,"feels_like":35.74,"pressure":1016,"humidity":38,"dew_point":17.69,"uvi":0,"clouds":66,"visibility":10000,"wind_speed":9.95,"wind_deg":89,"wind_gust":11.77,"weather":[{"id":803,"main":"Clouds","description":"broken
        clouds","icon":"04n"}],"pop":0.04},{"dt":1637139600,"temp":40.62,"feels_like":35.73,"pressure":1016,"humidity":37,"dew_point":16.43,"uvi":0,"clouds":47,"visibility":10000,"wind_speed":7.29,"wind_deg":95,"wind_gust":7.74,"weather":[{"id":802,"main":"Clouds","description":"scattered
        clouds","icon":"03n"}],"pop":0.04},{"dt":1637143200,"temp":39.02,"feels_like":33.17,"pressure":1017,"humidity":36,"dew_point":13.8,"uvi":0,"clouds":38,"visibility":10000,"wind_speed":8.43,"wind_deg":90,"wind_gust":8.7,"weather":[{"id":802,"main":"Clouds","description":"scattered
        clouds","icon":"03n"}],"pop":0.04},{"dt":1637146800,"temp":37.63,"feels_like":31.68,"pressure":1019,"humidity":33,"dew_point":10.58,"uvi":0,"clouds":34,"visibility":10000,"wind_speed":8.05,"wind_deg":76,"wind_gust":8.05,"weather":[{"id":802,"main":"Clouds","description":"scattered
        clouds","icon":"03n"}],"pop":0.04},{"dt":1637150400,"temp":36.55,"feels_like":30.36,"pressure":1020,"humidity":29,"dew_point":7.25,"uvi":0,"clouds":45,"visibility":10000,"wind_speed":8.05,"wind_deg":70,"wind_gust":8.08,"weather":[{"id":802,"main":"Clouds","description":"scattered
        clouds","icon":"03n"}],"pop":0.04},{"dt":1637154000,"temp":35.67,"feels_like":30.15,"pressure":1021,"humidity":28,"dew_point":5.5,"uvi":0,"clouds":76,"visibility":10000,"wind_speed":6.64,"wind_deg":84,"wind_gust":6.49,"weather":[{"id":803,"main":"Clouds","description":"broken
        clouds","icon":"04n"}],"pop":0},{"dt":1637157600,"temp":35.19,"feels_like":29.7,"pressure":1023,"humidity":28,"dew_point":5.14,"uvi":0,"clouds":43,"visibility":10000,"wind_speed":6.46,"wind_deg":79,"wind_gust":6.11,"weather":[{"id":802,"main":"Clouds","description":"scattered
        clouds","icon":"03d"}],"pop":0},{"dt":1637161200,"temp":34.93,"feels_like":27.73,"pressure":1025,"humidity":27,"dew_point":4.39,"uvi":0.21,"clouds":29,"visibility":10000,"wind_speed":9.26,"wind_deg":62,"wind_gust":8.21,"weather":[{"id":802,"main":"Clouds","description":"scattered
        clouds","icon":"03d"}],"pop":0},{"dt":1637164800,"temp":35.2,"feels_like":28.06,"pressure":1026,"humidity":27,"dew_point":4.35,"uvi":0.73,"clouds":22,"visibility":10000,"wind_speed":9.28,"wind_deg":65,"wind_gust":7.96,"weather":[{"id":801,"main":"Clouds","description":"few
        clouds","icon":"02d"}],"pop":0},{"dt":1637168400,"temp":36.21,"feels_like":29.88,"pressure":1026,"humidity":27,"dew_point":5.16,"uvi":1.45,"clouds":18,"visibility":10000,"wind_speed":8.19,"wind_deg":63,"wind_gust":6.67,"weather":[{"id":801,"main":"Clouds","description":"few
        clouds","icon":"02d"}],"pop":0}],"daily":[{"dt":1636999200,"sunrise":1636983900,"sunset":1637019866,"moonrise":1637014500,"moonset":1636970460,"moon_phase":0.39,"temp":{"day":68.49,"min":51.22,"max":69.1,"night":56.84,"eve":62.65,"morn":52.27},"feels_like":{"day":65.88,"night":53.4,"eve":59.47,"morn":48.94},"pressure":1015,"humidity":18,"dew_point":24.35,"wind_speed":7.72,"wind_deg":202,"wind_gust":12.41,"weather":[{"id":803,"main":"Clouds","description":"broken
        clouds","icon":"04d"}],"clouds":73,"pop":0,"uvi":2.28},{"dt":1637085600,"sunrise":1637070369,"sunset":1637106221,"moonrise":1637102280,"moonset":1637060520,"moon_phase":0.42,"temp":{"day":63.99,"min":49.1,"max":68.67,"night":49.1,"eve":62.08,"morn":53.47},"feels_like":{"day":60.78,"night":44.55,"eve":58.78,"morn":49.75},"pressure":1004,"humidity":15,"dew_point":15.98,"wind_speed":11.14,"wind_deg":63,"wind_gust":24.85,"weather":[{"id":804,"main":"Clouds","description":"overcast
        clouds","icon":"04d"}],"clouds":100,"pop":0,"uvi":2.38},{"dt":1637172000,"sunrise":1637156837,"sunset":1637192577,"moonrise":1637190060,"moonset":1637150580,"moon_phase":0.45,"temp":{"day":37.47,"min":34.61,"max":46.49,"night":34.61,"eve":38.97,"morn":36.55},"feels_like":{"day":31.73,"night":28.69,"eve":32.23,"morn":30.36},"pressure":1026,"humidity":27,"dew_point":6.39,"wind_speed":12.39,"wind_deg":48,"wind_gust":14.25,"weather":[{"id":801,"main":"Clouds","description":"few
        clouds","icon":"02d"}],"clouds":15,"pop":0.04,"uvi":2.36},{"dt":1637258400,"sunrise":1637243306,"sunset":1637278935,"moonrise":1637278080,"moonset":1637240580,"moon_phase":0.48,"temp":{"day":43.99,"min":33.04,"max":50.5,"night":43.84,"eve":46.71,"morn":33.04},"feels_like":{"day":43.99,"night":41.83,"eve":45.36,"morn":33.04},"pressure":1022,"humidity":17,"dew_point":1.49,"wind_speed":3.91,"wind_deg":210,"wind_gust":4.63,"weather":[{"id":800,"main":"Clear","description":"clear
        sky","icon":"01d"}],"clouds":1,"pop":0,"uvi":2.53},{"dt":1637344800,"sunrise":1637329774,"sunset":1637365296,"moonrise":1637366280,"moonset":1637330640,"moon_phase":0.5,"temp":{"day":55.85,"min":43.34,"max":60.64,"night":48.7,"eve":55.26,"morn":43.48},"feels_like":{"day":51.75,"night":47.86,"eve":51.1,"morn":40.21},"pressure":1010,"humidity":13,"dew_point":4.8,"wind_speed":6.13,"wind_deg":204,"wind_gust":9.17,"weather":[{"id":804,"main":"Clouds","description":"overcast
        clouds","icon":"04d"}],"clouds":100,"pop":0,"uvi":3},{"dt":1637431200,"sunrise":1637416241,"sunset":1637451658,"moonrise":1637454840,"moonset":1637420700,"moon_phase":0.54,"temp":{"day":51.3,"min":40.84,"max":51.57,"night":40.84,"eve":46.17,"morn":44.94},"feels_like":{"day":47.59,"night":35.91,"eve":42.75,"morn":44.94},"pressure":1018,"humidity":31,"dew_point":21.24,"wind_speed":12.19,"wind_deg":84,"wind_gust":11.23,"weather":[{"id":500,"main":"Rain","description":"light
        rain","icon":"10d"}],"clouds":99,"pop":0.35,"rain":0.13,"uvi":3},{"dt":1637517600,"sunrise":1637502708,"sunset":1637538022,"moonrise":1637543700,"moonset":1637510580,"moon_phase":0.57,"temp":{"day":51.4,"min":37.69,"max":57.54,"night":45.99,"eve":52.84,"morn":37.69},"feels_like":{"day":47.37,"night":44.76,"eve":49.01,"morn":33.21},"pressure":1017,"humidity":24,"dew_point":15.49,"wind_speed":11.61,"wind_deg":320,"wind_gust":26.91,"weather":[{"id":802,"main":"Clouds","description":"scattered
        clouds","icon":"03d"}],"clouds":48,"pop":0,"uvi":3},{"dt":1637604000,"sunrise":1637589175,"sunset":1637624388,"moonrise":1637633040,"moonset":1637600280,"moon_phase":0.6,"temp":{"day":53.55,"min":42.28,"max":59.77,"night":47.98,"eve":54.82,"morn":42.28},"feels_like":{"day":50.05,"night":46.11,"eve":51.46,"morn":39.52},"pressure":1019,"humidity":31,"dew_point":23.43,"wind_speed":4.61,"wind_deg":204,"wind_gust":6.76,"weather":[{"id":803,"main":"Clouds","description":"broken
        clouds","icon":"04d"}],"clouds":69,"pop":0,"uvi":3}]}'
  recorded_at: Mon, 15 Nov 2021 18:38:52 GMT
recorded_with: VCR 6.0.0
